 
****************************************
Report : qor
Design : soc_ahblite
Version: O-2018.06-SP1
Date   : Fri Aug 28 16:11:04 2026
****************************************


  Timing Path Group 'clk1'
  -----------------------------------
  Levels of Logic:              53.00
  Critical Path Length:          2.82
  Critical Path Slack:           0.00
  Critical Path Clk Period:      3.00
  Total Negative Slack:          0.00
  No. of Violating Paths:        0.00
  Worst Hold Violation:         -0.00
  Total Hold Violation:         -0.01
  No. of Hold Violations:        3.00
  -----------------------------------


  Cell Count
  -----------------------------------
  Hierarchical Cell Count:         53
  Hierarchical Port Count:      12285
  Leaf Cell Count:              18234
  Buf/Inv Cell Count:            2962
  Buf Cell Count:                 530
  Inv Cell Count:                2432
  CT Buf/Inv Cell Count:            0
  Combinational Cell Count:     14949
  Sequential Cell Count:         3283
  Macro Count:                      2
  -----------------------------------


  Area
  -----------------------------------
  Combinational Area:    81951.841639
  Noncombinational Area: 38101.440433
  Buf/Inv Area:           7118.879974
  Total Buffer Area:          2408.64
  Total Inverter Area:        4710.24
  Macro/Black Box Area:  78944.937500
  Net Area:                  0.000000
  -----------------------------------
  Cell Area:            198998.219572
  Design Area:          198998.219572


  Design Rules
  -----------------------------------
  Total Number of Nets:         18884
  Nets With Violations:            18
  Max Trans Violations:            15
  Max Cap Violations:              13
  Max Fanout Violations:            5
  -----------------------------------


  Hostname: icpc

  Compile CPU Statistics
  -----------------------------------------
  Resource Sharing:                    0.02
  Logic Optimization:                  4.04
  Mapping Optimization:               58.20
  -----------------------------------------
  Overall Compile Time:               75.69
  Overall Compile Wall Clock Time:    45.61

  --------------------------------------------------------------------

  Design  WNS: 0.00  TNS: 0.00  Number of Violating Paths: 0


  Design (Hold)  WNS: 0.00  TNS: 0.01  Number of Violating Paths: 3

  --------------------------------------------------------------------


1
