 
****************************************
Report : qor
Design : soc_ahblite
Version: O-2018.06-SP1
Date   : Sat Aug 29 16:17:25 2026
****************************************


  Timing Path Group 'clk1'
  -----------------------------------
  Levels of Logic:              36.00
  Critical Path Length:          2.69
  Critical Path Slack:           0.00
  Critical Path Clk Period:      3.00
  Total Negative Slack:          0.00
  No. of Violating Paths:        0.00
  Worst Hold Violation:         -0.11
  Total Hold Violation:         -4.48
  No. of Hold Violations:       91.00
  -----------------------------------


  Cell Count
  -----------------------------------
  Hierarchical Cell Count:         53
  Hierarchical Port Count:      12285
  Leaf Cell Count:              18345
  Buf/Inv Cell Count:            2899
  Buf Cell Count:                 325
  Inv Cell Count:                2574
  CT Buf/Inv Cell Count:            0
  Combinational Cell Count:     15060
  Sequential Cell Count:         3283
  Macro Count:                      2
  -----------------------------------


  Area
  -----------------------------------
  Combinational Area:    52038.720173
  Noncombinational Area: 34867.680436
  Buf/Inv Area:           4632.960141
  Total Buffer Area:           806.88
  Total Inverter Area:        3826.08
  Macro/Black Box Area:  78944.937500
  Net Area:                  0.000000
  -----------------------------------
  Cell Area:            165851.338109
  Design Area:          165851.338109


  Design Rules
  -----------------------------------
  Total Number of Nets:         20673
  Nets With Violations:             0
  Max Trans Violations:             0
  Max Cap Violations:               0
  -----------------------------------


  Hostname: icpc

  Compile CPU Statistics
  -----------------------------------------
  Resource Sharing:                    5.21
  Logic Optimization:                 51.90
  Mapping Optimization:              136.13
  -----------------------------------------
  Overall Compile Time:              290.14
  Overall Compile Wall Clock Time:   133.82

  --------------------------------------------------------------------

  Design  WNS: 0.00  TNS: 0.00  Number of Violating Paths: 0


  Design (Hold)  WNS: 0.11  TNS: 4.48  Number of Violating Paths: 91

  --------------------------------------------------------------------


1
