Hold timing endpoint summary
 
****************************************
Report : timing
        -path end
        -delay min
        -max_paths 10
Design : soc_ahblite
Version: O-2018.06-SP1
Date   : Sat Aug 29 12:41:32 2026
****************************************

 # A fanout number of 1000 was used for high fanout net computations.

Operating Conditions: BCCOM   Library: tcbn65gplusbwp12tbc
Wire Load Model Mode: segmented

Endpoint                         Path Delay     Path Required     Slack
------------------------------------------------------------------------
x_data_sram/i_sram_block/A[5] (RA1HD_4KB)
                                  0.1419 f          0.1408       0.0011
x_data_sram/i_sram_block/A[6] (RA1HD_4KB)
                                  0.1419 f          0.1408       0.0011
x_data_sram/i_sram_block/A[0] (RA1HD_4KB)
                                  0.1417 f          0.1404       0.0013
x_isram_ahbl/i_sram_block/A[9] (RA1HD_4KB)
                                  0.1360 r          0.1347       0.0013
x_data_sram/i_sram_block/D[0] (RA1HD_4KB)
                                  0.1140 f          0.1125       0.0015
x_data_sram/i_sram_block/D[1] (RA1HD_4KB)
                                  0.1140 f          0.1125       0.0015
x_data_sram/i_sram_block/D[2] (RA1HD_4KB)
                                  0.1140 f          0.1125       0.0015
x_data_sram/i_sram_block/D[3] (RA1HD_4KB)
                                  0.1140 f          0.1125       0.0015
x_data_sram/i_sram_block/D[4] (RA1HD_4KB)
                                  0.1140 f          0.1125       0.0015
x_data_sram/i_sram_block/D[5] (RA1HD_4KB)
                                  0.1140 f          0.1125       0.0015

1

Hold timing full-clock paths
 
****************************************
Report : timing
        -path full_clock
        -delay min
        -input_pins
        -nets
        -max_paths 10
Design : soc_ahblite
Version: O-2018.06-SP1
Date   : Sat Aug 29 12:41:32 2026
****************************************

 # A fanout number of 1000 was used for high fanout net computations.

Operating Conditions: BCCOM   Library: tcbn65gplusbwp12tbc
Wire Load Model Mode: segmented

  Startpoint: x_data_sram/ahbl_hwrite_d0_reg
              (rising edge-triggered flip-flop clocked by clk1)
  Endpoint: x_data_sram/i_sram_block
            (rising edge-triggered flip-flop clocked by clk1)
  Path Group: clk1
  Path Type: min

  Des/Clust/Port     Wire Load Model       Library
  ------------------------------------------------
  soc_ahblite_ibex_register_file_ff_0_00000020_0_0
                     ZeroWireload          tcbn65gplusbwp12tbc
  soc_ahblite_prim_clock_gating_0
                     ZeroWireload          tcbn65gplusbwp12tbc
  soc_ahblite_rom_32x64_0
                     ZeroWireload          tcbn65gplusbwp12tbc
  soc_ahblite_fft8_pl_0
                     ZeroWireload          tcbn65gplusbwp12tbc
  soc_ahblite_decoder_0
                     ZeroWireload          tcbn65gplusbwp12tbc
  soc_ahblite_ibex_core_00000000_00000000_0
                     ZeroWireload          tcbn65gplusbwp12tbc
  soc_ahblite_rom_0  ZeroWireload          tcbn65gplusbwp12tbc
  soc_ahblite_inst_sram_I_dahbl_slave_ahblite_interconnection___0
                     ZeroWireload          tcbn65gplusbwp12tbc
  soc_ahblite_fft8_top_I_slave0_ahblite_interconnection___0
                     ZeroWireload          tcbn65gplusbwp12tbc
  soc_ahblite_data_sram_I_slave0_ahblite_interconnection___0
                     ZeroWireload          tcbn65gplusbwp12tbc
  soc_ahblite_ahblite_I_ahblite_m0_ahblite_interconnection__I_ahblite_m1_ahblite_interconnection__I_ahblite_m2_ahblite_interconnection__I_ahblite_m3_ahblite_interconnection__I_ahblite_m4_ahblite_interconnection__I_ahblite_m5_ahblite_interconnection__I_ahblite_m6_ahblite_interconnection__I_ahblite_m7_ahblite_interconnection__I_ahblite_m8_ahblite_interconnection__I_ahblite_m9_ahblite_interconnection__I_ahblite_m10_ahblite_interconnection__I_ahblite_m11_ahblite_interconnection__I_ahblite_m12_ahblite_interconnection__I_ahblite_m13_ahblite_interconnection__I_ahblite_m14_ahblite_interconnection___0
                     ZeroWireload          tcbn65gplusbwp12tbc
  soc_ahblite        ZeroWireload          tcbn65gplusbwp12tbc
  soc_ahblite_sub_system_0
                     ZeroWireload          tcbn65gplusbwp12tbc

  Point                                       Fanout      Incr       Path
  --------------------------------------------------------------------------
  clock clk1 (rise edge)                                0.0000     0.0000
  clock network delay (ideal)                           0.0000     0.0000
  x_data_sram/ahbl_hwrite_d0_reg/CP (DFCNQD1BWP12T)     0.0000 #   0.0000 r
  x_data_sram/ahbl_hwrite_d0_reg/Q (DFCNQD1BWP12T)      0.0550     0.0550 f
  x_data_sram/ahbl_hwrite_d0 (net)              2       0.0000     0.0550 f
  x_data_sram/u33/I (CKND0BWP12T)                       0.0000     0.0550 f
  x_data_sram/u33/ZN (CKND0BWP12T)                      0.0076     0.0625 r
  x_data_sram/n3 (net)                          1       0.0000     0.0625 r
  x_data_sram/u64/A1 (NR2D0BWP12T)                      0.0000     0.0625 r
  x_data_sram/u64/ZN (NR2D0BWP12T)                      0.0109     0.0735 f
  x_data_sram/n23 (net)                         4       0.0000     0.0735 f
  x_data_sram/u17/I (CKBD0BWP12T)                       0.0000     0.0735 f
  x_data_sram/u17/Z (CKBD0BWP12T)                       0.0207     0.0941 f
  x_data_sram/n79 (net)                         2       0.0000     0.0941 f
  x_data_sram/u70/A1 (IOA21D1BWP12T)                    0.0000     0.0941 f
  x_data_sram/u70/ZN (IOA21D1BWP12T)                    0.0205     0.1147 f
  x_data_sram/addr[5] (net)                     1       0.0000     0.1147 f
  x_data_sram/u45/I (CKBD0BWP12T)                       0.0000     0.1147 f
  x_data_sram/u45/Z (CKBD0BWP12T)                       0.0272     0.1419 f
  x_data_sram/n44 (net)                         1       0.0000     0.1419 f
  x_data_sram/i_sram_block/A[5] (RA1HD_4KB)             0.0000     0.1419 f
  data arrival time                                                0.1419

  clock clk1 (rise edge)                                0.0000     0.0000
  clock network delay (ideal)                           0.0000     0.0000
  clock uncertainty                                     0.0500     0.0500
  x_data_sram/i_sram_block/CLK (RA1HD_4KB)              0.0000     0.0500 r
  library hold time                                     0.0908     0.1408
  data required time                                               0.1408
  --------------------------------------------------------------------------
  data required time                                               0.1408
  data arrival time                                               -0.1419
  --------------------------------------------------------------------------
  slack (MET)                                                      0.0011


  Startpoint: x_data_sram/ahbl_hwrite_d0_reg
              (rising edge-triggered flip-flop clocked by clk1)
  Endpoint: x_data_sram/i_sram_block
            (rising edge-triggered flip-flop clocked by clk1)
  Path Group: clk1
  Path Type: min

  Des/Clust/Port     Wire Load Model       Library
  ------------------------------------------------
  soc_ahblite_ibex_register_file_ff_0_00000020_0_0
                     ZeroWireload          tcbn65gplusbwp12tbc
  soc_ahblite_prim_clock_gating_0
                     ZeroWireload          tcbn65gplusbwp12tbc
  soc_ahblite_rom_32x64_0
                     ZeroWireload          tcbn65gplusbwp12tbc
  soc_ahblite_fft8_pl_0
                     ZeroWireload          tcbn65gplusbwp12tbc
  soc_ahblite_decoder_0
                     ZeroWireload          tcbn65gplusbwp12tbc
  soc_ahblite_ibex_core_00000000_00000000_0
                     ZeroWireload          tcbn65gplusbwp12tbc
  soc_ahblite_rom_0  ZeroWireload          tcbn65gplusbwp12tbc
  soc_ahblite_inst_sram_I_dahbl_slave_ahblite_interconnection___0
                     ZeroWireload          tcbn65gplusbwp12tbc
  soc_ahblite_fft8_top_I_slave0_ahblite_interconnection___0
                     ZeroWireload          tcbn65gplusbwp12tbc
  soc_ahblite_data_sram_I_slave0_ahblite_interconnection___0
                     ZeroWireload          tcbn65gplusbwp12tbc
  soc_ahblite_ahblite_I_ahblite_m0_ahblite_interconnection__I_ahblite_m1_ahblite_interconnection__I_ahblite_m2_ahblite_interconnection__I_ahblite_m3_ahblite_interconnection__I_ahblite_m4_ahblite_interconnection__I_ahblite_m5_ahblite_interconnection__I_ahblite_m6_ahblite_interconnection__I_ahblite_m7_ahblite_interconnection__I_ahblite_m8_ahblite_interconnection__I_ahblite_m9_ahblite_interconnection__I_ahblite_m10_ahblite_interconnection__I_ahblite_m11_ahblite_interconnection__I_ahblite_m12_ahblite_interconnection__I_ahblite_m13_ahblite_interconnection__I_ahblite_m14_ahblite_interconnection___0
                     ZeroWireload          tcbn65gplusbwp12tbc
  soc_ahblite        ZeroWireload          tcbn65gplusbwp12tbc
  soc_ahblite_sub_system_0
                     ZeroWireload          tcbn65gplusbwp12tbc

  Point                                       Fanout      Incr       Path
  --------------------------------------------------------------------------
  clock clk1 (rise edge)                                0.0000     0.0000
  clock network delay (ideal)                           0.0000     0.0000
  x_data_sram/ahbl_hwrite_d0_reg/CP (DFCNQD1BWP12T)     0.0000 #   0.0000 r
  x_data_sram/ahbl_hwrite_d0_reg/Q (DFCNQD1BWP12T)      0.0550     0.0550 f
  x_data_sram/ahbl_hwrite_d0 (net)              2       0.0000     0.0550 f
  x_data_sram/u33/I (CKND0BWP12T)                       0.0000     0.0550 f
  x_data_sram/u33/ZN (CKND0BWP12T)                      0.0076     0.0625 r
  x_data_sram/n3 (net)                          1       0.0000     0.0625 r
  x_data_sram/u64/A1 (NR2D0BWP12T)                      0.0000     0.0625 r
  x_data_sram/u64/ZN (NR2D0BWP12T)                      0.0109     0.0735 f
  x_data_sram/n23 (net)                         4       0.0000     0.0735 f
  x_data_sram/u17/I (CKBD0BWP12T)                       0.0000     0.0735 f
  x_data_sram/u17/Z (CKBD0BWP12T)                       0.0207     0.0941 f
  x_data_sram/n79 (net)                         2       0.0000     0.0941 f
  x_data_sram/u68/A1 (IOA21D1BWP12T)                    0.0000     0.0941 f
  x_data_sram/u68/ZN (IOA21D1BWP12T)                    0.0205     0.1147 f
  x_data_sram/addr[6] (net)                     1       0.0000     0.1147 f
  x_data_sram/u46/I (CKBD0BWP12T)                       0.0000     0.1147 f
  x_data_sram/u46/Z (CKBD0BWP12T)                       0.0272     0.1419 f
  x_data_sram/n40 (net)                         1       0.0000     0.1419 f
  x_data_sram/i_sram_block/A[6] (RA1HD_4KB)             0.0000     0.1419 f
  data arrival time                                                0.1419

  clock clk1 (rise edge)                                0.0000     0.0000
  clock network delay (ideal)                           0.0000     0.0000
  clock uncertainty                                     0.0500     0.0500
  x_data_sram/i_sram_block/CLK (RA1HD_4KB)              0.0000     0.0500 r
  library hold time                                     0.0908     0.1408
  data required time                                               0.1408
  --------------------------------------------------------------------------
  data required time                                               0.1408
  data arrival time                                               -0.1419
  --------------------------------------------------------------------------
  slack (MET)                                                      0.0011


  Startpoint: x_data_sram/ahbl_haddr_d0_reg_2_
              (rising edge-triggered flip-flop clocked by clk1)
  Endpoint: x_data_sram/i_sram_block
            (rising edge-triggered flip-flop clocked by clk1)
  Path Group: clk1
  Path Type: min

  Des/Clust/Port     Wire Load Model       Library
  ------------------------------------------------
  soc_ahblite_ibex_register_file_ff_0_00000020_0_0
                     ZeroWireload          tcbn65gplusbwp12tbc
  soc_ahblite_prim_clock_gating_0
                     ZeroWireload          tcbn65gplusbwp12tbc
  soc_ahblite_rom_32x64_0
                     ZeroWireload          tcbn65gplusbwp12tbc
  soc_ahblite_fft8_pl_0
                     ZeroWireload          tcbn65gplusbwp12tbc
  soc_ahblite_decoder_0
                     ZeroWireload          tcbn65gplusbwp12tbc
  soc_ahblite_ibex_core_00000000_00000000_0
                     ZeroWireload          tcbn65gplusbwp12tbc
  soc_ahblite_rom_0  ZeroWireload          tcbn65gplusbwp12tbc
  soc_ahblite_inst_sram_I_dahbl_slave_ahblite_interconnection___0
                     ZeroWireload          tcbn65gplusbwp12tbc
  soc_ahblite_fft8_top_I_slave0_ahblite_interconnection___0
                     ZeroWireload          tcbn65gplusbwp12tbc
  soc_ahblite_data_sram_I_slave0_ahblite_interconnection___0
                     ZeroWireload          tcbn65gplusbwp12tbc
  soc_ahblite_ahblite_I_ahblite_m0_ahblite_interconnection__I_ahblite_m1_ahblite_interconnection__I_ahblite_m2_ahblite_interconnection__I_ahblite_m3_ahblite_interconnection__I_ahblite_m4_ahblite_interconnection__I_ahblite_m5_ahblite_interconnection__I_ahblite_m6_ahblite_interconnection__I_ahblite_m7_ahblite_interconnection__I_ahblite_m8_ahblite_interconnection__I_ahblite_m9_ahblite_interconnection__I_ahblite_m10_ahblite_interconnection__I_ahblite_m11_ahblite_interconnection__I_ahblite_m12_ahblite_interconnection__I_ahblite_m13_ahblite_interconnection__I_ahblite_m14_ahblite_interconnection___0
                     ZeroWireload          tcbn65gplusbwp12tbc
  soc_ahblite        ZeroWireload          tcbn65gplusbwp12tbc
  soc_ahblite_sub_system_0
                     ZeroWireload          tcbn65gplusbwp12tbc

  Point                                       Fanout      Incr       Path
  --------------------------------------------------------------------------
  clock clk1 (rise edge)                                0.0000     0.0000
  clock network delay (ideal)                           0.0000     0.0000
  x_data_sram/ahbl_haddr_d0_reg_2_/CP (DFCNQD1BWP12T)   0.0000 #   0.0000 r
  x_data_sram/ahbl_haddr_d0_reg_2_/Q (DFCNQD1BWP12T)    0.0542     0.0542 f
  x_data_sram/ahbl_haddr_d0_2_ (net)            1       0.0000     0.0542 f
  x_data_sram/u26/I (DEL01BWP12T)                       0.0000     0.0542 f
  x_data_sram/u26/Z (DEL01BWP12T)                       0.0203     0.0745 f
  x_data_sram/n83 (net)                         1       0.0000     0.0745 f
  x_data_sram/u25/I (CKBD0BWP12T)                       0.0000     0.0745 f
  x_data_sram/u25/Z (CKBD0BWP12T)                       0.0163     0.0908 f
  x_data_sram/n63 (net)                         1       0.0000     0.0908 f
  x_data_sram/u27/I (CKBD0BWP12T)                       0.0000     0.0908 f
  x_data_sram/u27/Z (CKBD0BWP12T)                       0.0168     0.1076 f
  x_data_sram/n82 (net)                         1       0.0000     0.1076 f
  x_data_sram/u39/A2 (IOA21D0BWP12T)                    0.0000     0.1076 f
  x_data_sram/u39/ZN (IOA21D0BWP12T)                    0.0341     0.1417 f
  x_data_sram/addr[0] (net)                     1       0.0000     0.1417 f
  x_data_sram/i_sram_block/A[0] (RA1HD_4KB)             0.0000     0.1417 f
  data arrival time                                                0.1417

  clock clk1 (rise edge)                                0.0000     0.0000
  clock network delay (ideal)                           0.0000     0.0000
  clock uncertainty                                     0.0500     0.0500
  x_data_sram/i_sram_block/CLK (RA1HD_4KB)              0.0000     0.0500 r
  library hold time                                     0.0904     0.1404
  data required time                                               0.1404
  --------------------------------------------------------------------------
  data required time                                               0.1404
  data arrival time                                               -0.1417
  --------------------------------------------------------------------------
  slack (MET)                                                      0.0013


  Startpoint: x_isram_ahbl/dahbl_haddr_d0_reg_11_
              (rising edge-triggered flip-flop clocked by clk1)
  Endpoint: x_isram_ahbl/i_sram_block
            (rising edge-triggered flip-flop clocked by clk1)
  Path Group: clk1
  Path Type: min

  Des/Clust/Port     Wire Load Model       Library
  ------------------------------------------------
  soc_ahblite_ibex_register_file_ff_0_00000020_0_0
                     ZeroWireload          tcbn65gplusbwp12tbc
  soc_ahblite_prim_clock_gating_0
                     ZeroWireload          tcbn65gplusbwp12tbc
  soc_ahblite_rom_32x64_0
                     ZeroWireload          tcbn65gplusbwp12tbc
  soc_ahblite_fft8_pl_0
                     ZeroWireload          tcbn65gplusbwp12tbc
  soc_ahblite_decoder_0
                     ZeroWireload          tcbn65gplusbwp12tbc
  soc_ahblite_ibex_core_00000000_00000000_0
                     ZeroWireload          tcbn65gplusbwp12tbc
  soc_ahblite_rom_0  ZeroWireload          tcbn65gplusbwp12tbc
  soc_ahblite_inst_sram_I_dahbl_slave_ahblite_interconnection___0
                     ZeroWireload          tcbn65gplusbwp12tbc
  soc_ahblite_fft8_top_I_slave0_ahblite_interconnection___0
                     ZeroWireload          tcbn65gplusbwp12tbc
  soc_ahblite_data_sram_I_slave0_ahblite_interconnection___0
                     ZeroWireload          tcbn65gplusbwp12tbc
  soc_ahblite_ahblite_I_ahblite_m0_ahblite_interconnection__I_ahblite_m1_ahblite_interconnection__I_ahblite_m2_ahblite_interconnection__I_ahblite_m3_ahblite_interconnection__I_ahblite_m4_ahblite_interconnection__I_ahblite_m5_ahblite_interconnection__I_ahblite_m6_ahblite_interconnection__I_ahblite_m7_ahblite_interconnection__I_ahblite_m8_ahblite_interconnection__I_ahblite_m9_ahblite_interconnection__I_ahblite_m10_ahblite_interconnection__I_ahblite_m11_ahblite_interconnection__I_ahblite_m12_ahblite_interconnection__I_ahblite_m13_ahblite_interconnection__I_ahblite_m14_ahblite_interconnection___0
                     ZeroWireload          tcbn65gplusbwp12tbc
  soc_ahblite        ZeroWireload          tcbn65gplusbwp12tbc
  soc_ahblite_sub_system_0
                     ZeroWireload          tcbn65gplusbwp12tbc

  Point                                       Fanout      Incr       Path
  --------------------------------------------------------------------------
  clock clk1 (rise edge)                                0.0000     0.0000
  clock network delay (ideal)                           0.0000     0.0000
  x_isram_ahbl/dahbl_haddr_d0_reg_11_/CP (DFCNQD1BWP12T)
                                                        0.0000 #   0.0000 r
  x_isram_ahbl/dahbl_haddr_d0_reg_11_/Q (DFCNQD1BWP12T)
                                                        0.0520     0.0520 r
  x_isram_ahbl/dahbl_haddr_d0_11_ (net)         1       0.0000     0.0520 r
  x_isram_ahbl/u76/A2 (AO222D0BWP12T)                   0.0000     0.0520 r
  x_isram_ahbl/u76/Z (AO222D0BWP12T)                    0.0227     0.0748 r
  x_isram_ahbl/n27 (net)                        1       0.0000     0.0748 r
  x_isram_ahbl/u9/I (BUFFD0BWP12T)                      0.0000     0.0748 r
  x_isram_ahbl/u9/Z (BUFFD0BWP12T)                      0.0161     0.0909 r
  x_isram_ahbl/n69 (net)                        1       0.0000     0.0909 r
  x_isram_ahbl/u8/I (BUFFD1BWP12T)                      0.0000     0.0909 r
  x_isram_ahbl/u8/Z (BUFFD1BWP12T)                      0.0158     0.1067 r
  x_isram_ahbl/n68 (net)                        1       0.0000     0.1067 r
  x_isram_ahbl/u7/I (CKBD2BWP12T)                       0.0000     0.1067 r
  x_isram_ahbl/u7/Z (CKBD2BWP12T)                       0.0154     0.1221 r
  x_isram_ahbl/n67 (net)                        1       0.0000     0.1221 r
  x_isram_ahbl/u6/I (CKBD4BWP12T)                       0.0000     0.1221 r
  x_isram_ahbl/u6/Z (CKBD4BWP12T)                       0.0139     0.1360 r
  x_isram_ahbl/n66 (net)                        1       0.0000     0.1360 r
  x_isram_ahbl/i_sram_block/A[9] (RA1HD_4KB)            0.0000     0.1360 r
  data arrival time                                                0.1360

  clock clk1 (rise edge)                                0.0000     0.0000
  clock network delay (ideal)                           0.0000     0.0000
  clock uncertainty                                     0.0500     0.0500
  x_isram_ahbl/i_sram_block/CLK (RA1HD_4KB)             0.0000     0.0500 r
  library hold time                                     0.0847     0.1347
  data required time                                               0.1347
  --------------------------------------------------------------------------
  data required time                                               0.1347
  data arrival time                                               -0.1360
  --------------------------------------------------------------------------
  slack (MET)                                                      0.0013


  Startpoint: x_sub_system/dahbl_hwdata_o_reg_0_
              (rising edge-triggered flip-flop clocked by clk1)
  Endpoint: x_data_sram/i_sram_block
            (rising edge-triggered flip-flop clocked by clk1)
  Path Group: clk1
  Path Type: min

  Des/Clust/Port     Wire Load Model       Library
  ------------------------------------------------
  soc_ahblite_ibex_register_file_ff_0_00000020_0_0
                     ZeroWireload          tcbn65gplusbwp12tbc
  soc_ahblite_prim_clock_gating_0
                     ZeroWireload          tcbn65gplusbwp12tbc
  soc_ahblite_rom_32x64_0
                     ZeroWireload          tcbn65gplusbwp12tbc
  soc_ahblite_fft8_pl_0
                     ZeroWireload          tcbn65gplusbwp12tbc
  soc_ahblite_decoder_0
                     ZeroWireload          tcbn65gplusbwp12tbc
  soc_ahblite_ibex_core_00000000_00000000_0
                     ZeroWireload          tcbn65gplusbwp12tbc
  soc_ahblite_rom_0  ZeroWireload          tcbn65gplusbwp12tbc
  soc_ahblite_inst_sram_I_dahbl_slave_ahblite_interconnection___0
                     ZeroWireload          tcbn65gplusbwp12tbc
  soc_ahblite_fft8_top_I_slave0_ahblite_interconnection___0
                     ZeroWireload          tcbn65gplusbwp12tbc
  soc_ahblite_data_sram_I_slave0_ahblite_interconnection___0
                     ZeroWireload          tcbn65gplusbwp12tbc
  soc_ahblite_ahblite_I_ahblite_m0_ahblite_interconnection__I_ahblite_m1_ahblite_interconnection__I_ahblite_m2_ahblite_interconnection__I_ahblite_m3_ahblite_interconnection__I_ahblite_m4_ahblite_interconnection__I_ahblite_m5_ahblite_interconnection__I_ahblite_m6_ahblite_interconnection__I_ahblite_m7_ahblite_interconnection__I_ahblite_m8_ahblite_interconnection__I_ahblite_m9_ahblite_interconnection__I_ahblite_m10_ahblite_interconnection__I_ahblite_m11_ahblite_interconnection__I_ahblite_m12_ahblite_interconnection__I_ahblite_m13_ahblite_interconnection__I_ahblite_m14_ahblite_interconnection___0
                     ZeroWireload          tcbn65gplusbwp12tbc
  soc_ahblite        ZeroWireload          tcbn65gplusbwp12tbc
  soc_ahblite_sub_system_0
                     ZeroWireload          tcbn65gplusbwp12tbc

  Point                                       Fanout      Incr       Path
  --------------------------------------------------------------------------
  clock clk1 (rise edge)                                0.0000     0.0000
  clock network delay (ideal)                           0.0000     0.0000
  x_sub_system/dahbl_hwdata_o_reg_0_/CP (DFCNQD1BWP12T)
                                                        0.0000 #   0.0000 r
  x_sub_system/dahbl_hwdata_o_reg_0_/Q (DFCNQD1BWP12T)
                                                        0.0542     0.0542 f
  x_sub_system/n107 (net)                       1       0.0000     0.0542 f
  x_sub_system/u38/I (DEL01BWP12T)                      0.0000     0.0542 f
  x_sub_system/u38/Z (DEL01BWP12T)                      0.0202     0.0744 f
  x_sub_system/dahbl_hwdata_o[0] (net)          1       0.0000     0.0744 f
  x_sub_system/dahbl_hwdata_o[0] (soc_ahblite_sub_system_0)
                                                        0.0000     0.0744 f
  dahbl_hwdata[0] (net)                                 0.0000     0.0744 f
  x_data_fabric/ahbl_hwdata[0] (soc_ahblite_ahblite_I_ahblite_m0_ahblite_interconnection__I_ahblite_m1_ahblite_interconnection__I_ahblite_m2_ahblite_interconnection__I_ahblite_m3_ahblite_interconnection__I_ahblite_m4_ahblite_interconnection__I_ahblite_m5_ahblite_interconnection__I_ahblite_m6_ahblite_interconnection__I_ahblite_m7_ahblite_interconnection__I_ahblite_m8_ahblite_interconnection__I_ahblite_m9_ahblite_interconnection__I_ahblite_m10_ahblite_interconnection__I_ahblite_m11_ahblite_interconnection__I_ahblite_m12_ahblite_interconnection__I_ahblite_m13_ahblite_interconnection__I_ahblite_m14_ahblite_interconnection___0)
                                                        0.0000     0.0744 f
  x_data_fabric/ahbl_hwdata[0] (net)                    0.0000     0.0744 f
  x_data_fabric/u245/I (CKND0BWP12T)                    0.0000     0.0744 f
  x_data_fabric/u245/ZN (CKND0BWP12T)                   0.0133     0.0878 r
  x_data_fabric/n423 (net)                      3       0.0000     0.0878 r
  x_data_fabric/u244/I (CKBD0BWP12T)                    0.0000     0.0878 r
  x_data_fabric/u244/Z (CKBD0BWP12T)                    0.0179     0.1057 r
  x_data_fabric/n526 (net)                      1       0.0000     0.1057 r
  x_data_fabric/u240/A2 (NR2D0BWP12T)                   0.0000     0.1057 r
  x_data_fabric/u240/ZN (NR2D0BWP12T)                   0.0083     0.1140 f
  x_data_fabric/ahblite_m0_hwdata[0] (net)      1       0.0000     0.1140 f
  x_data_fabric/ahblite_m0_hwdata[0] (soc_ahblite_ahblite_I_ahblite_m0_ahblite_interconnection__I_ahblite_m1_ahblite_interconnection__I_ahblite_m2_ahblite_interconnection__I_ahblite_m3_ahblite_interconnection__I_ahblite_m4_ahblite_interconnection__I_ahblite_m5_ahblite_interconnection__I_ahblite_m6_ahblite_interconnection__I_ahblite_m7_ahblite_interconnection__I_ahblite_m8_ahblite_interconnection__I_ahblite_m9_ahblite_interconnection__I_ahblite_m10_ahblite_interconnection__I_ahblite_m11_ahblite_interconnection__I_ahblite_m12_ahblite_interconnection__I_ahblite_m13_ahblite_interconnection__I_ahblite_m14_ahblite_interconnection___0)
                                                        0.0000     0.1140 f
  ahbl_ic0_hwdata[0] (net)                              0.0000     0.1140 f
  x_data_sram/slave0_hwdata[0] (soc_ahblite_data_sram_I_slave0_ahblite_interconnection___0)
                                                        0.0000     0.1140 f
  x_data_sram/slave0_hwdata[0] (net)                    0.0000     0.1140 f
  x_data_sram/i_sram_block/D[0] (RA1HD_4KB)             0.0000     0.1140 f
  data arrival time                                                0.1140

  clock clk1 (rise edge)                                0.0000     0.0000
  clock network delay (ideal)                           0.0000     0.0000
  clock uncertainty                                     0.0500     0.0500
  x_data_sram/i_sram_block/CLK (RA1HD_4KB)              0.0000     0.0500 r
  library hold time                                     0.0625     0.1125
  data required time                                               0.1125
  --------------------------------------------------------------------------
  data required time                                               0.1125
  data arrival time                                               -0.1140
  --------------------------------------------------------------------------
  slack (MET)                                                      0.0015


  Startpoint: x_sub_system/dahbl_hwdata_o_reg_1_
              (rising edge-triggered flip-flop clocked by clk1)
  Endpoint: x_data_sram/i_sram_block
            (rising edge-triggered flip-flop clocked by clk1)
  Path Group: clk1
  Path Type: min

  Des/Clust/Port     Wire Load Model       Library
  ------------------------------------------------
  soc_ahblite_ibex_register_file_ff_0_00000020_0_0
                     ZeroWireload          tcbn65gplusbwp12tbc
  soc_ahblite_prim_clock_gating_0
                     ZeroWireload          tcbn65gplusbwp12tbc
  soc_ahblite_rom_32x64_0
                     ZeroWireload          tcbn65gplusbwp12tbc
  soc_ahblite_fft8_pl_0
                     ZeroWireload          tcbn65gplusbwp12tbc
  soc_ahblite_decoder_0
                     ZeroWireload          tcbn65gplusbwp12tbc
  soc_ahblite_ibex_core_00000000_00000000_0
                     ZeroWireload          tcbn65gplusbwp12tbc
  soc_ahblite_rom_0  ZeroWireload          tcbn65gplusbwp12tbc
  soc_ahblite_inst_sram_I_dahbl_slave_ahblite_interconnection___0
                     ZeroWireload          tcbn65gplusbwp12tbc
  soc_ahblite_fft8_top_I_slave0_ahblite_interconnection___0
                     ZeroWireload          tcbn65gplusbwp12tbc
  soc_ahblite_data_sram_I_slave0_ahblite_interconnection___0
                     ZeroWireload          tcbn65gplusbwp12tbc
  soc_ahblite_ahblite_I_ahblite_m0_ahblite_interconnection__I_ahblite_m1_ahblite_interconnection__I_ahblite_m2_ahblite_interconnection__I_ahblite_m3_ahblite_interconnection__I_ahblite_m4_ahblite_interconnection__I_ahblite_m5_ahblite_interconnection__I_ahblite_m6_ahblite_interconnection__I_ahblite_m7_ahblite_interconnection__I_ahblite_m8_ahblite_interconnection__I_ahblite_m9_ahblite_interconnection__I_ahblite_m10_ahblite_interconnection__I_ahblite_m11_ahblite_interconnection__I_ahblite_m12_ahblite_interconnection__I_ahblite_m13_ahblite_interconnection__I_ahblite_m14_ahblite_interconnection___0
                     ZeroWireload          tcbn65gplusbwp12tbc
  soc_ahblite        ZeroWireload          tcbn65gplusbwp12tbc
  soc_ahblite_sub_system_0
                     ZeroWireload          tcbn65gplusbwp12tbc

  Point                                       Fanout      Incr       Path
  --------------------------------------------------------------------------
  clock clk1 (rise edge)                                0.0000     0.0000
  clock network delay (ideal)                           0.0000     0.0000
  x_sub_system/dahbl_hwdata_o_reg_1_/CP (DFCNQD1BWP12T)
                                                        0.0000 #   0.0000 r
  x_sub_system/dahbl_hwdata_o_reg_1_/Q (DFCNQD1BWP12T)
                                                        0.0542     0.0542 f
  x_sub_system/n106 (net)                       1       0.0000     0.0542 f
  x_sub_system/u37/I (DEL01BWP12T)                      0.0000     0.0542 f
  x_sub_system/u37/Z (DEL01BWP12T)                      0.0202     0.0744 f
  x_sub_system/dahbl_hwdata_o[1] (net)          1       0.0000     0.0744 f
  x_sub_system/dahbl_hwdata_o[1] (soc_ahblite_sub_system_0)
                                                        0.0000     0.0744 f
  dahbl_hwdata[1] (net)                                 0.0000     0.0744 f
  x_data_fabric/ahbl_hwdata[1] (soc_ahblite_ahblite_I_ahblite_m0_ahblite_interconnection__I_ahblite_m1_ahblite_interconnection__I_ahblite_m2_ahblite_interconnection__I_ahblite_m3_ahblite_interconnection__I_ahblite_m4_ahblite_interconnection__I_ahblite_m5_ahblite_interconnection__I_ahblite_m6_ahblite_interconnection__I_ahblite_m7_ahblite_interconnection__I_ahblite_m8_ahblite_interconnection__I_ahblite_m9_ahblite_interconnection__I_ahblite_m10_ahblite_interconnection__I_ahblite_m11_ahblite_interconnection__I_ahblite_m12_ahblite_interconnection__I_ahblite_m13_ahblite_interconnection__I_ahblite_m14_ahblite_interconnection___0)
                                                        0.0000     0.0744 f
  x_data_fabric/ahbl_hwdata[1] (net)                    0.0000     0.0744 f
  x_data_fabric/u242/I (CKND0BWP12T)                    0.0000     0.0744 f
  x_data_fabric/u242/ZN (CKND0BWP12T)                   0.0133     0.0878 r
  x_data_fabric/n438 (net)                      3       0.0000     0.0878 r
  x_data_fabric/u241/I (CKBD0BWP12T)                    0.0000     0.0878 r
  x_data_fabric/u241/Z (CKBD0BWP12T)                    0.0179     0.1057 r
  x_data_fabric/n525 (net)                      1       0.0000     0.1057 r
  x_data_fabric/u211/A2 (NR2D0BWP12T)                   0.0000     0.1057 r
  x_data_fabric/u211/ZN (NR2D0BWP12T)                   0.0083     0.1140 f
  x_data_fabric/ahblite_m0_hwdata[1] (net)      1       0.0000     0.1140 f
  x_data_fabric/ahblite_m0_hwdata[1] (soc_ahblite_ahblite_I_ahblite_m0_ahblite_interconnection__I_ahblite_m1_ahblite_interconnection__I_ahblite_m2_ahblite_interconnection__I_ahblite_m3_ahblite_interconnection__I_ahblite_m4_ahblite_interconnection__I_ahblite_m5_ahblite_interconnection__I_ahblite_m6_ahblite_interconnection__I_ahblite_m7_ahblite_interconnection__I_ahblite_m8_ahblite_interconnection__I_ahblite_m9_ahblite_interconnection__I_ahblite_m10_ahblite_interconnection__I_ahblite_m11_ahblite_interconnection__I_ahblite_m12_ahblite_interconnection__I_ahblite_m13_ahblite_interconnection__I_ahblite_m14_ahblite_interconnection___0)
                                                        0.0000     0.1140 f
  ahbl_ic0_hwdata[1] (net)                              0.0000     0.1140 f
  x_data_sram/slave0_hwdata[1] (soc_ahblite_data_sram_I_slave0_ahblite_interconnection___0)
                                                        0.0000     0.1140 f
  x_data_sram/slave0_hwdata[1] (net)                    0.0000     0.1140 f
  x_data_sram/i_sram_block/D[1] (RA1HD_4KB)             0.0000     0.1140 f
  data arrival time                                                0.1140

  clock clk1 (rise edge)                                0.0000     0.0000
  clock network delay (ideal)                           0.0000     0.0000
  clock uncertainty                                     0.0500     0.0500
  x_data_sram/i_sram_block/CLK (RA1HD_4KB)              0.0000     0.0500 r
  library hold time                                     0.0625     0.1125
  data required time                                               0.1125
  --------------------------------------------------------------------------
  data required time                                               0.1125
  data arrival time                                               -0.1140
  --------------------------------------------------------------------------
  slack (MET)                                                      0.0015


  Startpoint: x_sub_system/dahbl_hwdata_o_reg_2_
              (rising edge-triggered flip-flop clocked by clk1)
  Endpoint: x_data_sram/i_sram_block
            (rising edge-triggered flip-flop clocked by clk1)
  Path Group: clk1
  Path Type: min

  Des/Clust/Port     Wire Load Model       Library
  ------------------------------------------------
  soc_ahblite_ibex_register_file_ff_0_00000020_0_0
                     ZeroWireload          tcbn65gplusbwp12tbc
  soc_ahblite_prim_clock_gating_0
                     ZeroWireload          tcbn65gplusbwp12tbc
  soc_ahblite_rom_32x64_0
                     ZeroWireload          tcbn65gplusbwp12tbc
  soc_ahblite_fft8_pl_0
                     ZeroWireload          tcbn65gplusbwp12tbc
  soc_ahblite_decoder_0
                     ZeroWireload          tcbn65gplusbwp12tbc
  soc_ahblite_ibex_core_00000000_00000000_0
                     ZeroWireload          tcbn65gplusbwp12tbc
  soc_ahblite_rom_0  ZeroWireload          tcbn65gplusbwp12tbc
  soc_ahblite_inst_sram_I_dahbl_slave_ahblite_interconnection___0
                     ZeroWireload          tcbn65gplusbwp12tbc
  soc_ahblite_fft8_top_I_slave0_ahblite_interconnection___0
                     ZeroWireload          tcbn65gplusbwp12tbc
  soc_ahblite_data_sram_I_slave0_ahblite_interconnection___0
                     ZeroWireload          tcbn65gplusbwp12tbc
  soc_ahblite_ahblite_I_ahblite_m0_ahblite_interconnection__I_ahblite_m1_ahblite_interconnection__I_ahblite_m2_ahblite_interconnection__I_ahblite_m3_ahblite_interconnection__I_ahblite_m4_ahblite_interconnection__I_ahblite_m5_ahblite_interconnection__I_ahblite_m6_ahblite_interconnection__I_ahblite_m7_ahblite_interconnection__I_ahblite_m8_ahblite_interconnection__I_ahblite_m9_ahblite_interconnection__I_ahblite_m10_ahblite_interconnection__I_ahblite_m11_ahblite_interconnection__I_ahblite_m12_ahblite_interconnection__I_ahblite_m13_ahblite_interconnection__I_ahblite_m14_ahblite_interconnection___0
                     ZeroWireload          tcbn65gplusbwp12tbc
  soc_ahblite        ZeroWireload          tcbn65gplusbwp12tbc
  soc_ahblite_sub_system_0
                     ZeroWireload          tcbn65gplusbwp12tbc

  Point                                       Fanout      Incr       Path
  --------------------------------------------------------------------------
  clock clk1 (rise edge)                                0.0000     0.0000
  clock network delay (ideal)                           0.0000     0.0000
  x_sub_system/dahbl_hwdata_o_reg_2_/CP (DFCNQD1BWP12T)
                                                        0.0000 #   0.0000 r
  x_sub_system/dahbl_hwdata_o_reg_2_/Q (DFCNQD1BWP12T)
                                                        0.0542     0.0542 f
  x_sub_system/n105 (net)                       1       0.0000     0.0542 f
  x_sub_system/u36/I (DEL01BWP12T)                      0.0000     0.0542 f
  x_sub_system/u36/Z (DEL01BWP12T)                      0.0202     0.0744 f
  x_sub_system/dahbl_hwdata_o[2] (net)          1       0.0000     0.0744 f
  x_sub_system/dahbl_hwdata_o[2] (soc_ahblite_sub_system_0)
                                                        0.0000     0.0744 f
  dahbl_hwdata[2] (net)                                 0.0000     0.0744 f
  x_data_fabric/ahbl_hwdata[2] (soc_ahblite_ahblite_I_ahblite_m0_ahblite_interconnection__I_ahblite_m1_ahblite_interconnection__I_ahblite_m2_ahblite_interconnection__I_ahblite_m3_ahblite_interconnection__I_ahblite_m4_ahblite_interconnection__I_ahblite_m5_ahblite_interconnection__I_ahblite_m6_ahblite_interconnection__I_ahblite_m7_ahblite_interconnection__I_ahblite_m8_ahblite_interconnection__I_ahblite_m9_ahblite_interconnection__I_ahblite_m10_ahblite_interconnection__I_ahblite_m11_ahblite_interconnection__I_ahblite_m12_ahblite_interconnection__I_ahblite_m13_ahblite_interconnection__I_ahblite_m14_ahblite_interconnection___0)
                                                        0.0000     0.0744 f
  x_data_fabric/ahbl_hwdata[2] (net)                    0.0000     0.0744 f
  x_data_fabric/u239/I (CKND0BWP12T)                    0.0000     0.0744 f
  x_data_fabric/u239/ZN (CKND0BWP12T)                   0.0133     0.0878 r
  x_data_fabric/n435 (net)                      3       0.0000     0.0878 r
  x_data_fabric/u238/I (CKBD0BWP12T)                    0.0000     0.0878 r
  x_data_fabric/u238/Z (CKBD0BWP12T)                    0.0179     0.1057 r
  x_data_fabric/n524 (net)                      1       0.0000     0.1057 r
  x_data_fabric/u200/A2 (NR2D0BWP12T)                   0.0000     0.1057 r
  x_data_fabric/u200/ZN (NR2D0BWP12T)                   0.0083     0.1140 f
  x_data_fabric/ahblite_m0_hwdata[2] (net)      1       0.0000     0.1140 f
  x_data_fabric/ahblite_m0_hwdata[2] (soc_ahblite_ahblite_I_ahblite_m0_ahblite_interconnection__I_ahblite_m1_ahblite_interconnection__I_ahblite_m2_ahblite_interconnection__I_ahblite_m3_ahblite_interconnection__I_ahblite_m4_ahblite_interconnection__I_ahblite_m5_ahblite_interconnection__I_ahblite_m6_ahblite_interconnection__I_ahblite_m7_ahblite_interconnection__I_ahblite_m8_ahblite_interconnection__I_ahblite_m9_ahblite_interconnection__I_ahblite_m10_ahblite_interconnection__I_ahblite_m11_ahblite_interconnection__I_ahblite_m12_ahblite_interconnection__I_ahblite_m13_ahblite_interconnection__I_ahblite_m14_ahblite_interconnection___0)
                                                        0.0000     0.1140 f
  ahbl_ic0_hwdata[2] (net)                              0.0000     0.1140 f
  x_data_sram/slave0_hwdata[2] (soc_ahblite_data_sram_I_slave0_ahblite_interconnection___0)
                                                        0.0000     0.1140 f
  x_data_sram/slave0_hwdata[2] (net)                    0.0000     0.1140 f
  x_data_sram/i_sram_block/D[2] (RA1HD_4KB)             0.0000     0.1140 f
  data arrival time                                                0.1140

  clock clk1 (rise edge)                                0.0000     0.0000
  clock network delay (ideal)                           0.0000     0.0000
  clock uncertainty                                     0.0500     0.0500
  x_data_sram/i_sram_block/CLK (RA1HD_4KB)              0.0000     0.0500 r
  library hold time                                     0.0625     0.1125
  data required time                                               0.1125
  --------------------------------------------------------------------------
  data required time                                               0.1125
  data arrival time                                               -0.1140
  --------------------------------------------------------------------------
  slack (MET)                                                      0.0015


  Startpoint: x_sub_system/dahbl_hwdata_o_reg_3_
              (rising edge-triggered flip-flop clocked by clk1)
  Endpoint: x_data_sram/i_sram_block
            (rising edge-triggered flip-flop clocked by clk1)
  Path Group: clk1
  Path Type: min

  Des/Clust/Port     Wire Load Model       Library
  ------------------------------------------------
  soc_ahblite_ibex_register_file_ff_0_00000020_0_0
                     ZeroWireload          tcbn65gplusbwp12tbc
  soc_ahblite_prim_clock_gating_0
                     ZeroWireload          tcbn65gplusbwp12tbc
  soc_ahblite_rom_32x64_0
                     ZeroWireload          tcbn65gplusbwp12tbc
  soc_ahblite_fft8_pl_0
                     ZeroWireload          tcbn65gplusbwp12tbc
  soc_ahblite_decoder_0
                     ZeroWireload          tcbn65gplusbwp12tbc
  soc_ahblite_ibex_core_00000000_00000000_0
                     ZeroWireload          tcbn65gplusbwp12tbc
  soc_ahblite_rom_0  ZeroWireload          tcbn65gplusbwp12tbc
  soc_ahblite_inst_sram_I_dahbl_slave_ahblite_interconnection___0
                     ZeroWireload          tcbn65gplusbwp12tbc
  soc_ahblite_fft8_top_I_slave0_ahblite_interconnection___0
                     ZeroWireload          tcbn65gplusbwp12tbc
  soc_ahblite_data_sram_I_slave0_ahblite_interconnection___0
                     ZeroWireload          tcbn65gplusbwp12tbc
  soc_ahblite_ahblite_I_ahblite_m0_ahblite_interconnection__I_ahblite_m1_ahblite_interconnection__I_ahblite_m2_ahblite_interconnection__I_ahblite_m3_ahblite_interconnection__I_ahblite_m4_ahblite_interconnection__I_ahblite_m5_ahblite_interconnection__I_ahblite_m6_ahblite_interconnection__I_ahblite_m7_ahblite_interconnection__I_ahblite_m8_ahblite_interconnection__I_ahblite_m9_ahblite_interconnection__I_ahblite_m10_ahblite_interconnection__I_ahblite_m11_ahblite_interconnection__I_ahblite_m12_ahblite_interconnection__I_ahblite_m13_ahblite_interconnection__I_ahblite_m14_ahblite_interconnection___0
                     ZeroWireload          tcbn65gplusbwp12tbc
  soc_ahblite        ZeroWireload          tcbn65gplusbwp12tbc
  soc_ahblite_sub_system_0
                     ZeroWireload          tcbn65gplusbwp12tbc

  Point                                       Fanout      Incr       Path
  --------------------------------------------------------------------------
  clock clk1 (rise edge)                                0.0000     0.0000
  clock network delay (ideal)                           0.0000     0.0000
  x_sub_system/dahbl_hwdata_o_reg_3_/CP (DFCNQD1BWP12T)
                                                        0.0000 #   0.0000 r
  x_sub_system/dahbl_hwdata_o_reg_3_/Q (DFCNQD1BWP12T)
                                                        0.0542     0.0542 f
  x_sub_system/n104 (net)                       1       0.0000     0.0542 f
  x_sub_system/u35/I (DEL01BWP12T)                      0.0000     0.0542 f
  x_sub_system/u35/Z (DEL01BWP12T)                      0.0202     0.0744 f
  x_sub_system/dahbl_hwdata_o[3] (net)          1       0.0000     0.0744 f
  x_sub_system/dahbl_hwdata_o[3] (soc_ahblite_sub_system_0)
                                                        0.0000     0.0744 f
  dahbl_hwdata[3] (net)                                 0.0000     0.0744 f
  x_data_fabric/ahbl_hwdata[3] (soc_ahblite_ahblite_I_ahblite_m0_ahblite_interconnection__I_ahblite_m1_ahblite_interconnection__I_ahblite_m2_ahblite_interconnection__I_ahblite_m3_ahblite_interconnection__I_ahblite_m4_ahblite_interconnection__I_ahblite_m5_ahblite_interconnection__I_ahblite_m6_ahblite_interconnection__I_ahblite_m7_ahblite_interconnection__I_ahblite_m8_ahblite_interconnection__I_ahblite_m9_ahblite_interconnection__I_ahblite_m10_ahblite_interconnection__I_ahblite_m11_ahblite_interconnection__I_ahblite_m12_ahblite_interconnection__I_ahblite_m13_ahblite_interconnection__I_ahblite_m14_ahblite_interconnection___0)
                                                        0.0000     0.0744 f
  x_data_fabric/ahbl_hwdata[3] (net)                    0.0000     0.0744 f
  x_data_fabric/u236/I (CKND0BWP12T)                    0.0000     0.0744 f
  x_data_fabric/u236/ZN (CKND0BWP12T)                   0.0133     0.0878 r
  x_data_fabric/n430 (net)                      3       0.0000     0.0878 r
  x_data_fabric/u235/I (CKBD0BWP12T)                    0.0000     0.0878 r
  x_data_fabric/u235/Z (CKBD0BWP12T)                    0.0179     0.1057 r
  x_data_fabric/n523 (net)                      1       0.0000     0.1057 r
  x_data_fabric/u197/A2 (NR2D0BWP12T)                   0.0000     0.1057 r
  x_data_fabric/u197/ZN (NR2D0BWP12T)                   0.0083     0.1140 f
  x_data_fabric/ahblite_m0_hwdata[3] (net)      1       0.0000     0.1140 f
  x_data_fabric/ahblite_m0_hwdata[3] (soc_ahblite_ahblite_I_ahblite_m0_ahblite_interconnection__I_ahblite_m1_ahblite_interconnection__I_ahblite_m2_ahblite_interconnection__I_ahblite_m3_ahblite_interconnection__I_ahblite_m4_ahblite_interconnection__I_ahblite_m5_ahblite_interconnection__I_ahblite_m6_ahblite_interconnection__I_ahblite_m7_ahblite_interconnection__I_ahblite_m8_ahblite_interconnection__I_ahblite_m9_ahblite_interconnection__I_ahblite_m10_ahblite_interconnection__I_ahblite_m11_ahblite_interconnection__I_ahblite_m12_ahblite_interconnection__I_ahblite_m13_ahblite_interconnection__I_ahblite_m14_ahblite_interconnection___0)
                                                        0.0000     0.1140 f
  ahbl_ic0_hwdata[3] (net)                              0.0000     0.1140 f
  x_data_sram/slave0_hwdata[3] (soc_ahblite_data_sram_I_slave0_ahblite_interconnection___0)
                                                        0.0000     0.1140 f
  x_data_sram/slave0_hwdata[3] (net)                    0.0000     0.1140 f
  x_data_sram/i_sram_block/D[3] (RA1HD_4KB)             0.0000     0.1140 f
  data arrival time                                                0.1140

  clock clk1 (rise edge)                                0.0000     0.0000
  clock network delay (ideal)                           0.0000     0.0000
  clock uncertainty                                     0.0500     0.0500
  x_data_sram/i_sram_block/CLK (RA1HD_4KB)              0.0000     0.0500 r
  library hold time                                     0.0625     0.1125
  data required time                                               0.1125
  --------------------------------------------------------------------------
  data required time                                               0.1125
  data arrival time                                               -0.1140
  --------------------------------------------------------------------------
  slack (MET)                                                      0.0015


  Startpoint: x_sub_system/dahbl_hwdata_o_reg_4_
              (rising edge-triggered flip-flop clocked by clk1)
  Endpoint: x_data_sram/i_sram_block
            (rising edge-triggered flip-flop clocked by clk1)
  Path Group: clk1
  Path Type: min

  Des/Clust/Port     Wire Load Model       Library
  ------------------------------------------------
  soc_ahblite_ibex_register_file_ff_0_00000020_0_0
                     ZeroWireload          tcbn65gplusbwp12tbc
  soc_ahblite_prim_clock_gating_0
                     ZeroWireload          tcbn65gplusbwp12tbc
  soc_ahblite_rom_32x64_0
                     ZeroWireload          tcbn65gplusbwp12tbc
  soc_ahblite_fft8_pl_0
                     ZeroWireload          tcbn65gplusbwp12tbc
  soc_ahblite_decoder_0
                     ZeroWireload          tcbn65gplusbwp12tbc
  soc_ahblite_ibex_core_00000000_00000000_0
                     ZeroWireload          tcbn65gplusbwp12tbc
  soc_ahblite_rom_0  ZeroWireload          tcbn65gplusbwp12tbc
  soc_ahblite_inst_sram_I_dahbl_slave_ahblite_interconnection___0
                     ZeroWireload          tcbn65gplusbwp12tbc
  soc_ahblite_fft8_top_I_slave0_ahblite_interconnection___0
                     ZeroWireload          tcbn65gplusbwp12tbc
  soc_ahblite_data_sram_I_slave0_ahblite_interconnection___0
                     ZeroWireload          tcbn65gplusbwp12tbc
  soc_ahblite_ahblite_I_ahblite_m0_ahblite_interconnection__I_ahblite_m1_ahblite_interconnection__I_ahblite_m2_ahblite_interconnection__I_ahblite_m3_ahblite_interconnection__I_ahblite_m4_ahblite_interconnection__I_ahblite_m5_ahblite_interconnection__I_ahblite_m6_ahblite_interconnection__I_ahblite_m7_ahblite_interconnection__I_ahblite_m8_ahblite_interconnection__I_ahblite_m9_ahblite_interconnection__I_ahblite_m10_ahblite_interconnection__I_ahblite_m11_ahblite_interconnection__I_ahblite_m12_ahblite_interconnection__I_ahblite_m13_ahblite_interconnection__I_ahblite_m14_ahblite_interconnection___0
                     ZeroWireload          tcbn65gplusbwp12tbc
  soc_ahblite        ZeroWireload          tcbn65gplusbwp12tbc
  soc_ahblite_sub_system_0
                     ZeroWireload          tcbn65gplusbwp12tbc

  Point                                       Fanout      Incr       Path
  --------------------------------------------------------------------------
  clock clk1 (rise edge)                                0.0000     0.0000
  clock network delay (ideal)                           0.0000     0.0000
  x_sub_system/dahbl_hwdata_o_reg_4_/CP (DFCNQD1BWP12T)
                                                        0.0000 #   0.0000 r
  x_sub_system/dahbl_hwdata_o_reg_4_/Q (DFCNQD1BWP12T)
                                                        0.0542     0.0542 f
  x_sub_system/n103 (net)                       1       0.0000     0.0542 f
  x_sub_system/u34/I (DEL01BWP12T)                      0.0000     0.0542 f
  x_sub_system/u34/Z (DEL01BWP12T)                      0.0202     0.0744 f
  x_sub_system/dahbl_hwdata_o[4] (net)          1       0.0000     0.0744 f
  x_sub_system/dahbl_hwdata_o[4] (soc_ahblite_sub_system_0)
                                                        0.0000     0.0744 f
  dahbl_hwdata[4] (net)                                 0.0000     0.0744 f
  x_data_fabric/ahbl_hwdata[4] (soc_ahblite_ahblite_I_ahblite_m0_ahblite_interconnection__I_ahblite_m1_ahblite_interconnection__I_ahblite_m2_ahblite_interconnection__I_ahblite_m3_ahblite_interconnection__I_ahblite_m4_ahblite_interconnection__I_ahblite_m5_ahblite_interconnection__I_ahblite_m6_ahblite_interconnection__I_ahblite_m7_ahblite_interconnection__I_ahblite_m8_ahblite_interconnection__I_ahblite_m9_ahblite_interconnection__I_ahblite_m10_ahblite_interconnection__I_ahblite_m11_ahblite_interconnection__I_ahblite_m12_ahblite_interconnection__I_ahblite_m13_ahblite_interconnection__I_ahblite_m14_ahblite_interconnection___0)
                                                        0.0000     0.0744 f
  x_data_fabric/ahbl_hwdata[4] (net)                    0.0000     0.0744 f
  x_data_fabric/u233/I (CKND0BWP12T)                    0.0000     0.0744 f
  x_data_fabric/u233/ZN (CKND0BWP12T)                   0.0133     0.0878 r
  x_data_fabric/n431 (net)                      3       0.0000     0.0878 r
  x_data_fabric/u232/I (CKBD0BWP12T)                    0.0000     0.0878 r
  x_data_fabric/u232/Z (CKBD0BWP12T)                    0.0179     0.1057 r
  x_data_fabric/n522 (net)                      1       0.0000     0.1057 r
  x_data_fabric/u196/A2 (NR2D0BWP12T)                   0.0000     0.1057 r
  x_data_fabric/u196/ZN (NR2D0BWP12T)                   0.0083     0.1140 f
  x_data_fabric/ahblite_m0_hwdata[4] (net)      1       0.0000     0.1140 f
  x_data_fabric/ahblite_m0_hwdata[4] (soc_ahblite_ahblite_I_ahblite_m0_ahblite_interconnection__I_ahblite_m1_ahblite_interconnection__I_ahblite_m2_ahblite_interconnection__I_ahblite_m3_ahblite_interconnection__I_ahblite_m4_ahblite_interconnection__I_ahblite_m5_ahblite_interconnection__I_ahblite_m6_ahblite_interconnection__I_ahblite_m7_ahblite_interconnection__I_ahblite_m8_ahblite_interconnection__I_ahblite_m9_ahblite_interconnection__I_ahblite_m10_ahblite_interconnection__I_ahblite_m11_ahblite_interconnection__I_ahblite_m12_ahblite_interconnection__I_ahblite_m13_ahblite_interconnection__I_ahblite_m14_ahblite_interconnection___0)
                                                        0.0000     0.1140 f
  ahbl_ic0_hwdata[4] (net)                              0.0000     0.1140 f
  x_data_sram/slave0_hwdata[4] (soc_ahblite_data_sram_I_slave0_ahblite_interconnection___0)
                                                        0.0000     0.1140 f
  x_data_sram/slave0_hwdata[4] (net)                    0.0000     0.1140 f
  x_data_sram/i_sram_block/D[4] (RA1HD_4KB)             0.0000     0.1140 f
  data arrival time                                                0.1140

  clock clk1 (rise edge)                                0.0000     0.0000
  clock network delay (ideal)                           0.0000     0.0000
  clock uncertainty                                     0.0500     0.0500
  x_data_sram/i_sram_block/CLK (RA1HD_4KB)              0.0000     0.0500 r
  library hold time                                     0.0625     0.1125
  data required time                                               0.1125
  --------------------------------------------------------------------------
  data required time                                               0.1125
  data arrival time                                               -0.1140
  --------------------------------------------------------------------------
  slack (MET)                                                      0.0015


  Startpoint: x_sub_system/dahbl_hwdata_o_reg_5_
              (rising edge-triggered flip-flop clocked by clk1)
  Endpoint: x_data_sram/i_sram_block
            (rising edge-triggered flip-flop clocked by clk1)
  Path Group: clk1
  Path Type: min

  Des/Clust/Port     Wire Load Model       Library
  ------------------------------------------------
  soc_ahblite_ibex_register_file_ff_0_00000020_0_0
                     ZeroWireload          tcbn65gplusbwp12tbc
  soc_ahblite_prim_clock_gating_0
                     ZeroWireload          tcbn65gplusbwp12tbc
  soc_ahblite_rom_32x64_0
                     ZeroWireload          tcbn65gplusbwp12tbc
  soc_ahblite_fft8_pl_0
                     ZeroWireload          tcbn65gplusbwp12tbc
  soc_ahblite_decoder_0
                     ZeroWireload          tcbn65gplusbwp12tbc
  soc_ahblite_ibex_core_00000000_00000000_0
                     ZeroWireload          tcbn65gplusbwp12tbc
  soc_ahblite_rom_0  ZeroWireload          tcbn65gplusbwp12tbc
  soc_ahblite_inst_sram_I_dahbl_slave_ahblite_interconnection___0
                     ZeroWireload          tcbn65gplusbwp12tbc
  soc_ahblite_fft8_top_I_slave0_ahblite_interconnection___0
                     ZeroWireload          tcbn65gplusbwp12tbc
  soc_ahblite_data_sram_I_slave0_ahblite_interconnection___0
                     ZeroWireload          tcbn65gplusbwp12tbc
  soc_ahblite_ahblite_I_ahblite_m0_ahblite_interconnection__I_ahblite_m1_ahblite_interconnection__I_ahblite_m2_ahblite_interconnection__I_ahblite_m3_ahblite_interconnection__I_ahblite_m4_ahblite_interconnection__I_ahblite_m5_ahblite_interconnection__I_ahblite_m6_ahblite_interconnection__I_ahblite_m7_ahblite_interconnection__I_ahblite_m8_ahblite_interconnection__I_ahblite_m9_ahblite_interconnection__I_ahblite_m10_ahblite_interconnection__I_ahblite_m11_ahblite_interconnection__I_ahblite_m12_ahblite_interconnection__I_ahblite_m13_ahblite_interconnection__I_ahblite_m14_ahblite_interconnection___0
                     ZeroWireload          tcbn65gplusbwp12tbc
  soc_ahblite        ZeroWireload          tcbn65gplusbwp12tbc
  soc_ahblite_sub_system_0
                     ZeroWireload          tcbn65gplusbwp12tbc

  Point                                       Fanout      Incr       Path
  --------------------------------------------------------------------------
  clock clk1 (rise edge)                                0.0000     0.0000
  clock network delay (ideal)                           0.0000     0.0000
  x_sub_system/dahbl_hwdata_o_reg_5_/CP (DFCNQD1BWP12T)
                                                        0.0000 #   0.0000 r
  x_sub_system/dahbl_hwdata_o_reg_5_/Q (DFCNQD1BWP12T)
                                                        0.0542     0.0542 f
  x_sub_system/n102 (net)                       1       0.0000     0.0542 f
  x_sub_system/u33/I (DEL01BWP12T)                      0.0000     0.0542 f
  x_sub_system/u33/Z (DEL01BWP12T)                      0.0202     0.0744 f
  x_sub_system/dahbl_hwdata_o[5] (net)          1       0.0000     0.0744 f
  x_sub_system/dahbl_hwdata_o[5] (soc_ahblite_sub_system_0)
                                                        0.0000     0.0744 f
  dahbl_hwdata[5] (net)                                 0.0000     0.0744 f
  x_data_fabric/ahbl_hwdata[5] (soc_ahblite_ahblite_I_ahblite_m0_ahblite_interconnection__I_ahblite_m1_ahblite_interconnection__I_ahblite_m2_ahblite_interconnection__I_ahblite_m3_ahblite_interconnection__I_ahblite_m4_ahblite_interconnection__I_ahblite_m5_ahblite_interconnection__I_ahblite_m6_ahblite_interconnection__I_ahblite_m7_ahblite_interconnection__I_ahblite_m8_ahblite_interconnection__I_ahblite_m9_ahblite_interconnection__I_ahblite_m10_ahblite_interconnection__I_ahblite_m11_ahblite_interconnection__I_ahblite_m12_ahblite_interconnection__I_ahblite_m13_ahblite_interconnection__I_ahblite_m14_ahblite_interconnection___0)
                                                        0.0000     0.0744 f
  x_data_fabric/ahbl_hwdata[5] (net)                    0.0000     0.0744 f
  x_data_fabric/u230/I (CKND0BWP12T)                    0.0000     0.0744 f
  x_data_fabric/u230/ZN (CKND0BWP12T)                   0.0133     0.0878 r
  x_data_fabric/n441 (net)                      3       0.0000     0.0878 r
  x_data_fabric/u229/I (CKBD0BWP12T)                    0.0000     0.0878 r
  x_data_fabric/u229/Z (CKBD0BWP12T)                    0.0179     0.1057 r
  x_data_fabric/n521 (net)                      1       0.0000     0.1057 r
  x_data_fabric/u195/A2 (NR2D0BWP12T)                   0.0000     0.1057 r
  x_data_fabric/u195/ZN (NR2D0BWP12T)                   0.0083     0.1140 f
  x_data_fabric/ahblite_m0_hwdata[5] (net)      1       0.0000     0.1140 f
  x_data_fabric/ahblite_m0_hwdata[5] (soc_ahblite_ahblite_I_ahblite_m0_ahblite_interconnection__I_ahblite_m1_ahblite_interconnection__I_ahblite_m2_ahblite_interconnection__I_ahblite_m3_ahblite_interconnection__I_ahblite_m4_ahblite_interconnection__I_ahblite_m5_ahblite_interconnection__I_ahblite_m6_ahblite_interconnection__I_ahblite_m7_ahblite_interconnection__I_ahblite_m8_ahblite_interconnection__I_ahblite_m9_ahblite_interconnection__I_ahblite_m10_ahblite_interconnection__I_ahblite_m11_ahblite_interconnection__I_ahblite_m12_ahblite_interconnection__I_ahblite_m13_ahblite_interconnection__I_ahblite_m14_ahblite_interconnection___0)
                                                        0.0000     0.1140 f
  ahbl_ic0_hwdata[5] (net)                              0.0000     0.1140 f
  x_data_sram/slave0_hwdata[5] (soc_ahblite_data_sram_I_slave0_ahblite_interconnection___0)
                                                        0.0000     0.1140 f
  x_data_sram/slave0_hwdata[5] (net)                    0.0000     0.1140 f
  x_data_sram/i_sram_block/D[5] (RA1HD_4KB)             0.0000     0.1140 f
  data arrival time                                                0.1140

  clock clk1 (rise edge)                                0.0000     0.0000
  clock network delay (ideal)                           0.0000     0.0000
  clock uncertainty                                     0.0500     0.0500
  x_data_sram/i_sram_block/CLK (RA1HD_4KB)              0.0000     0.0500 r
  library hold time                                     0.0625     0.1125
  data required time                                               0.1125
  --------------------------------------------------------------------------
  data required time                                               0.1125
  data arrival time                                               -0.1140
  --------------------------------------------------------------------------
  slack (MET)                                                      0.0015


1
