 
****************************************
Report : design
Design : soc_ahblite
Version: O-2018.06-SP1
Date   : Fri Aug 28 15:44:13 2026
****************************************

Design allows ideal nets on clock nets.

Library(s) Used:

    tcbn65gplusbwp12twc (File: /home/master/project/2_dc/day2/library/tcbn65gplusbwp12twc.db)
    USERLIB_4KB_nldm_ss_0p90v_0p90v_125c (File: /home/master/project/3_PR/sram_hde/gen_hde/RA1HD_4KB_ss_0p90v_0p90v_125c.db)

Local Link Library:

    {/home/master/project/2_dc/day2/library/tcbn65gplusbwp12twc.db}

Flip-Flop Types:

    No flip-flop types specified.

Latch Types:

    No latch types specified.

Operating Conditions:


    Operating Condition Name : WCCOM
    Library : tcbn65gplusbwp12twc
    Process :   1.00
    Temperature : 125.00
    Voltage :   0.90
    Interconnect Model : balanced_tree

Min Operating Conditions:


    Operating Condition Name : BCCOM
    Library : tcbn65gplusbwp12tbc
    Process :   1.00
    Temperature :   0.00
    Voltage :   1.10
    Interconnect Model : balanced_tree

Wire Loading Model:

    Selected automatically from the total cell area.

Name           :   ZeroWireload
Location       :   tcbn65gplusbwp12twc
Resistance     :   1e-05
Capacitance    :   1
Area           :   0
Slope          :   0
Fanout   Length   Points Average Cap Std Deviation
--------------------------------------------------------------
     1     0.00
     2     0.00
     3     0.00
     4     0.00
     5     0.00
     6     0.00
     7     0.00
     8     0.00
     9     0.00
    10     0.00
    11     0.00
    12     0.00
    13     0.00
    14     0.00
    15     0.00
    16     0.00
    17     0.00
    18     0.00
    19     0.00
    20     0.00


Wire Loading Model for Minimum Delay Analysis:

    Selected automatically from the total cell area.

Name           :   ZeroWireload
Location       :   tcbn65gplusbwp12tbc
Resistance     :   1e-05
Capacitance    :   1
Area           :   0
Slope          :   0
Fanout   Length   Points Average Cap Std Deviation
--------------------------------------------------------------
     1     0.00
     2     0.00
     3     0.00
     4     0.00
     5     0.00
     6     0.00
     7     0.00
     8     0.00
     9     0.00
    10     0.00
    11     0.00
    12     0.00
    13     0.00
    14     0.00
    15     0.00
    16     0.00
    17     0.00
    18     0.00
    19     0.00
    20     0.00



Wire Loading Model Mode: segmented.

Timing Ranges:

    No timing ranges specified.

Pin Input Delays:

    None specified.

Pin Output Delays:

    None specified.

Disabled Timing Arcs:

    No arcs disabled.

Required Licenses:

    DesignWare

Design Parameters:

    None specified.
1
 
****************************************
Report : compile_options
Design : soc_ahblite
Version: O-2018.06-SP1
Date   : Fri Aug 28 15:44:13 2026
****************************************

Design                                   Compile Option         Value
--------------------------------------------------------------------------------
soc_ahblite                              flatten                false
                                         structure              true
                                         structure_boolean      true
                                         structure_timing       true
                                         fix_multiple_port_nets feedthroughs
                                                                constants
                                                                outputs
                                                                buffer_constants
                                         isolate_port           disabled

soc_ahblite_sub_system_0                 flatten                false
                                         structure              true
                                         structure_boolean      false
                                         structure_timing       true

soc_ahblite_ibex_core_00000000_00000000_0 flatten               false
                                         structure              true
                                         structure_boolean      false
                                         structure_timing       true

soc_ahblite_prim_clock_gating_0          flatten                false
                                         structure              true
                                         structure_boolean      false
                                         structure_timing       true

soc_ahblite_ibex_if_stage_00000000_00000000_0_0_0_0_0_0 flatten false
                                         structure              true
                                         structure_boolean      false
                                         structure_timing       true

soc_ahblite_ibex_prefetch_buffer_0_0     flatten                false
                                         structure              true
                                         structure_boolean      false
                                         structure_timing       true

soc_ahblite_ibex_fetch_fifo_00000002_0   flatten                false
                                         structure              true
                                         structure_boolean      false
                                         structure_timing       true

soc_ahblite_ibex_compressed_decoder_0    flatten                false
                                         structure              true
                                         structure_boolean      false
                                         structure_timing       true

soc_ahblite_ibex_id_stage_0_2_0_0_0_0_0_0_0 flatten             false
                                         structure              true
                                         structure_boolean      false
                                         structure_timing       true

soc_ahblite_ibex_decoder_0_2_0_0_0       flatten                false
                                         structure              true
                                         structure_boolean      false
                                         structure_timing       true

soc_ahblite_ibex_controller_0_0_0        flatten                false
                                         structure              true
                                         structure_boolean      false
                                         structure_timing       true

soc_ahblite_ibex_ex_block_2_0_0_0        flatten                false
                                         structure              true
                                         structure_boolean      false
                                         structure_timing       true

soc_ahblite_ibex_alu_RV32B0_0            flatten                false
                                         structure              true
                                         structure_boolean      false
                                         structure_timing       true

soc_ahblite_ibex_multdiv_fast_RV32M2_0   flatten                false
                                         structure              true
                                         structure_boolean      false
                                         structure_timing       true

soc_ahblite_ibex_load_store_unit_0       flatten                false
                                         structure              true
                                         structure_boolean      false
                                         structure_timing       true

soc_ahblite_ibex_wb_stage_0_0            flatten                false
                                         structure              true
                                         structure_boolean      false
                                         structure_timing       true

soc_ahblite_ibex_register_file_ff_0_00000020_0_0 flatten        false
                                         structure              true
                                         structure_boolean      false
                                         structure_timing       true

soc_ahblite_ibex_cs_registers_0_00000001_0_0_0_0_00000000_00000028_0_00000000_00000004_0_2_0_0 flatten false
                                         structure              true
                                         structure_boolean      false
                                         structure_timing       true

soc_ahblite_ibex_csr_6_0_10_0            flatten                false
                                         structure              true
                                         structure_boolean      false
                                         structure_timing       true

soc_ahblite_ibex_csr_32_0_0_0            flatten                false
                                         structure              true
                                         structure_boolean      false
                                         structure_timing       true

soc_ahblite_ibex_csr_18_0_0_0            flatten                false
                                         structure              true
                                         structure_boolean      false
                                         structure_timing       true

soc_ahblite_ibex_csr_32_0_0_5            flatten                false
                                         structure              true
                                         structure_boolean      false
                                         structure_timing       true

soc_ahblite_ibex_csr_6_0_0_0             flatten                false
                                         structure              true
                                         structure_boolean      false
                                         structure_timing       true

soc_ahblite_ibex_csr_32_0_0_4            flatten                false
                                         structure              true
                                         structure_boolean      false
                                         structure_timing       true

soc_ahblite_ibex_csr_32_0_00000001_0     flatten                false
                                         structure              true
                                         structure_boolean      false
                                         structure_timing       true

soc_ahblite_ibex_csr_32_0_40000003_0     flatten                false
                                         structure              true
                                         structure_boolean      false
                                         structure_timing       true

soc_ahblite_ibex_csr_32_0_0_3            flatten                false
                                         structure              true
                                         structure_boolean      false
                                         structure_timing       true

soc_ahblite_ibex_csr_32_0_0_2            flatten                false
                                         structure              true
                                         structure_boolean      false
                                         structure_timing       true

soc_ahblite_ibex_csr_32_0_0_1            flatten                false
                                         structure              true
                                         structure_boolean      false
                                         structure_timing       true

soc_ahblite_ibex_counter_CounterWidth64_0 flatten               false
                                         structure              true
                                         structure_boolean      false
                                         structure_timing       true

soc_ahblite_ibex_counter_CounterWidth64_1 flatten               false
                                         structure              true
                                         structure_boolean      false
                                         structure_timing       true

soc_ahblite_ahblite_I_ahblite_m0_ahblite_interconnection__I_ahblite_m1_ahblite_interconnection__I_ahblite_m2_ahblite_interconnection__I_ahblite_m3_ahblite_interconnection__I_ahblite_m4_ahblite_interconnection__I_ahblite_m5_ahblite_interconnection__I_ahblite_m6_ahblite_interconnection__I_ahblite_m7_ahblite_interconnection__I_ahblite_m8_ahblite_interconnection__I_ahblite_m9_ahblite_interconnection__I_ahblite_m10_ahblite_interconnection__I_ahblite_m11_ahblite_interconnection__I_ahblite_m12_ahblite_interconnection__I_ahblite_m13_ahblite_interconnection__I_ahblite_m14_ahblite_interconnection___0 flatten false
                                         structure              true
                                         structure_boolean      false
                                         structure_timing       true

soc_ahblite_decoder_0                    flatten                false
                                         structure              true
                                         structure_boolean      false
                                         structure_timing       true

soc_ahblite_data_sram_I_slave0_ahblite_interconnection___0 flatten false
                                         structure              true
                                         structure_boolean      false
                                         structure_timing       true

soc_ahblite_fft8_top_I_slave0_ahblite_interconnection___0 flatten false
                                         structure              true
                                         structure_boolean      false
                                         structure_timing       true

soc_ahblite_fft8_pl_0                    flatten                false
                                         structure              true
                                         structure_boolean      false
                                         structure_timing       true

soc_ahblite_fft8_stage1_0                flatten                false
                                         structure              true
                                         structure_boolean      false
                                         structure_timing       true

soc_ahblite_butterfly2_0                 flatten                false
                                         structure              true
                                         structure_boolean      false
                                         structure_timing       true

soc_ahblite_butterfly2_11                flatten                false
                                         structure              true
                                         structure_boolean      false
                                         structure_timing       true

soc_ahblite_butterfly2_10                flatten                false
                                         structure              true
                                         structure_boolean      false
                                         structure_timing       true

soc_ahblite_butterfly2_9                 flatten                false
                                         structure              true
                                         structure_boolean      false
                                         structure_timing       true

soc_ahblite_fft8_stage2_0                flatten                false
                                         structure              true
                                         structure_boolean      false
                                         structure_timing       true

soc_ahblite_butterfly2_8                 flatten                false
                                         structure              true
                                         structure_boolean      false
                                         structure_timing       true

soc_ahblite_butterfly2_7                 flatten                false
                                         structure              true
                                         structure_boolean      false
                                         structure_timing       true

soc_ahblite_butterfly2_6                 flatten                false
                                         structure              true
                                         structure_boolean      false
                                         structure_timing       true

soc_ahblite_butterfly2_5                 flatten                false
                                         structure              true
                                         structure_boolean      false
                                         structure_timing       true

soc_ahblite_fft8_stage3_0                flatten                false
                                         structure              true
                                         structure_boolean      false
                                         structure_timing       true

soc_ahblite_butterfly2_4                 flatten                false
                                         structure              true
                                         structure_boolean      false
                                         structure_timing       true

soc_ahblite_butterfly2_3                 flatten                false
                                         structure              true
                                         structure_boolean      false
                                         structure_timing       true

soc_ahblite_butterfly2_2                 flatten                false
                                         structure              true
                                         structure_boolean      false
                                         structure_timing       true

soc_ahblite_butterfly2_1                 flatten                false
                                         structure              true
                                         structure_boolean      false
                                         structure_timing       true

soc_ahblite_inst_sram_I_dahbl_slave_ahblite_interconnection___0 flatten false
                                         structure              true
                                         structure_boolean      false
                                         structure_timing       true

soc_ahblite_rom_0                        flatten                false
                                         structure              true
                                         structure_boolean      false
                                         structure_timing       true

soc_ahblite_rom_32x64_0                  flatten                false
                                         structure              true
                                         structure_boolean      false
                                         structure_timing       true
--------------------------------------------------------------------------------
1
