 
****************************************
Report : qor
Design : soc_ahblite
Version: O-2018.06-SP1
Date   : Sat Aug 29 16:18:13 2026
****************************************


  Timing Path Group 'clk1'
  -----------------------------------
  Levels of Logic:               8.00
  Critical Path Length:          3.45
  Critical Path Slack:          -1.26
  Critical Path Clk Period:      3.00
  Total Negative Slack:      -1301.60
  No. of Violating Paths:     2412.00
  Worst Hold Violation:          0.00
  Total Hold Violation:          0.00
  No. of Hold Violations:        0.00
  -----------------------------------


  Cell Count
  -----------------------------------
  Hierarchical Cell Count:         53
  Hierarchical Port Count:      12285
  Leaf Cell Count:              18033
  Buf/Inv Cell Count:            2990
  Buf Cell Count:                 457
  Inv Cell Count:                2533
  CT Buf/Inv Cell Count:            0
  Combinational Cell Count:     14748
  Sequential Cell Count:         3283
  Macro Count:                      2
  -----------------------------------


  Area
  -----------------------------------
  Combinational Area:    83506.561846
  Noncombinational Area: 37898.400572
  Buf/Inv Area:           6629.759947
  Total Buffer Area:          1764.96
  Total Inverter Area:        4864.80
  Macro/Black Box Area:  78944.937500
  Net Area:                  0.000000
  -----------------------------------
  Cell Area:            200349.899918
  Design Area:          200349.899918


  Design Rules
  -----------------------------------
  Total Number of Nets:         18913
  Nets With Violations:            45
  Max Trans Violations:            32
  Max Cap Violations:              45
  Max Fanout Violations:            2
  -----------------------------------


  Hostname: icpc

  Compile CPU Statistics
  -----------------------------------------
  Resource Sharing:                    0.02
  Logic Optimization:                  5.74
  Mapping Optimization:               45.18
  -----------------------------------------
  Overall Compile Time:               68.15
  Overall Compile Wall Clock Time:    47.05

  --------------------------------------------------------------------

  Design  WNS: 1.26  TNS: 1301.60  Number of Violating Paths: 2412


  Design (Hold)  WNS: 0.00  TNS: 0.00  Number of Violating Paths: 0

  --------------------------------------------------------------------


1
