 
****************************************
Report : area
Design : soc_ahblite
Version: O-2018.06-SP1
Date   : Sat Aug 29 12:41:32 2026
****************************************

Library(s) Used:

    tcbn65gplusbwp12twc (File: /home/master/project/2_dc/day2/library/tcbn65gplusbwp12twc.db)
    USERLIB_4KB_nldm_ss_0p90v_0p90v_125c (File: /home/master/project/3_PR/sram_hde/gen_hde/RA1HD_4KB_ss_0p90v_0p90v_125c.db)

Number of ports:                        12339
Number of nets:                         27744
Number of cells:                        18366
Number of combinational cells:          15028
Number of sequential cells:              3283
Number of macros/black boxes:               2
Number of buf/inv:                       3309
Number of references:                      25

Combinational area:              53646.720256
Buf/Inv area:                     5826.240145
Noncombinational area:           36471.360395
Macro/Black Box area:            78944.937500
Net Interconnect area:      undefined  (Wire load has zero net area)

Total cell area:                169063.018152
Total area:                 undefined

Hierarchical area distribution
------------------------------

                                  Global cell area               Local cell area
                                  --------------------  ---------------------------------- 
Hierarchical cell                 Absolute     Percent  Combi-      Noncombi-   Black-
                                  Total        Total    national    national    boxes       Design
--------------------------------  -----------  -------  ----------  ----------  ----------  ---------------------------------------------------------------------------------------------------------------------------------------------------------------------------------------------------------------------------------------------------------------------------------------------------------------------------------------------------------------------------------------------------------------------------------------------------------------------------------------------------------------------------------------------------------------------------------------------------------------------
soc_ahblite                       169063.0182    100.0    362.8800    144.0000      0.0000  soc_ahblite
u_fft8_top                         30389.7599     18.0   1732.8000   2798.4001      0.0000  soc_ahblite_fft8_top_I_slave0_ahblite_interconnection___0
u_fft8_top/u_fft                   25858.5598     15.3    102.7200  11222.3998      0.0000  soc_ahblite_fft8_pl_0
u_fft8_top/u_fft/u_s1               2833.9200      1.7      0.0000      0.0000      0.0000  soc_ahblite_fft8_stage1_0
u_fft8_top/u_fft/u_s1/b0             708.4800      0.4    708.4800      0.0000      0.0000  soc_ahblite_butterfly2_0
u_fft8_top/u_fft/u_s1/b1             708.4800      0.4    708.4800      0.0000      0.0000  soc_ahblite_butterfly2_11
u_fft8_top/u_fft/u_s1/b2             708.4800      0.4    708.4800      0.0000      0.0000  soc_ahblite_butterfly2_10
u_fft8_top/u_fft/u_s1/b3             708.4800      0.4    708.4800      0.0000      0.0000  soc_ahblite_butterfly2_9
u_fft8_top/u_fft/u_s2               3003.8400      1.8    169.9200      0.0000      0.0000  soc_ahblite_fft8_stage2_0
u_fft8_top/u_fft/u_s2/b0             708.4800      0.4    708.4800      0.0000      0.0000  soc_ahblite_butterfly2_8
u_fft8_top/u_fft/u_s2/b1             708.4800      0.4    708.4800      0.0000      0.0000  soc_ahblite_butterfly2_7
u_fft8_top/u_fft/u_s2/b2             708.4800      0.4    708.4800      0.0000      0.0000  soc_ahblite_butterfly2_6
u_fft8_top/u_fft/u_s2/b3             708.4800      0.4    708.4800      0.0000      0.0000  soc_ahblite_butterfly2_5
u_fft8_top/u_fft/u_s3               8695.6801      5.1   5444.6401      0.0000      0.0000  soc_ahblite_fft8_stage3_0
u_fft8_top/u_fft/u_s3/b0             708.4800      0.4    708.4800      0.0000      0.0000  soc_ahblite_butterfly2_4
u_fft8_top/u_fft/u_s3/b1             768.9600      0.5    768.9600      0.0000      0.0000  soc_ahblite_butterfly2_3
u_fft8_top/u_fft/u_s3/b2             708.4800      0.4    708.4800      0.0000      0.0000  soc_ahblite_butterfly2_2
u_fft8_top/u_fft/u_s3/b3            1065.1200      0.6   1065.1200      0.0000      0.0000  soc_ahblite_butterfly2_1
x_data_fabric                        951.3600      0.6    628.8000      0.0000      0.0000  soc_ahblite_ahblite_I_ahblite_m0_ahblite_interconnection__I_ahblite_m1_ahblite_interconnection__I_ahblite_m2_ahblite_interconnection__I_ahblite_m3_ahblite_interconnection__I_ahblite_m4_ahblite_interconnection__I_ahblite_m5_ahblite_interconnection__I_ahblite_m6_ahblite_interconnection__I_ahblite_m7_ahblite_interconnection__I_ahblite_m8_ahblite_interconnection__I_ahblite_m9_ahblite_interconnection__I_ahblite_m10_ahblite_interconnection__I_ahblite_m11_ahblite_interconnection__I_ahblite_m12_ahblite_interconnection__I_ahblite_m13_ahblite_interconnection__I_ahblite_m14_ahblite_interconnection___0
x_data_fabric/x_decoder              322.5600      0.2    153.6000    168.9600      0.0000  soc_ahblite_decoder_0
x_data_sram                        39834.8688     23.6    182.4000    180.0000  39472.4688  soc_ahblite_data_sram_I_slave0_ahblite_interconnection___0
x_isram_ahbl                       40175.6688     23.8    396.4800    306.7200  39472.4688  soc_ahblite_inst_sram_I_dahbl_slave_ahblite_interconnection___0
x_rom_ahbl                          1193.2800      0.7     42.7200     95.0400      0.0000  soc_ahblite_rom_0
x_rom_ahbl/rom_block                1055.5200      0.6    599.0400    456.4800      0.0000  soc_ahblite_rom_32x64_0
x_sub_system                       56011.2007     33.1    384.4800    359.0400      0.0000  soc_ahblite_sub_system_0
x_sub_system/x_core                55267.6807     32.7     51.8400     21.1200      0.0000  soc_ahblite_ibex_core_00000000_00000000_0
x_sub_system/x_core/core_clock_gate_i
                                      10.5600      0.0      1.4400      9.1200      0.0000  soc_ahblite_prim_clock_gating_0
x_sub_system/x_core/cs_registers_i
                                    9509.2801      5.6   2349.1200     43.2000      0.0000  soc_ahblite_ibex_cs_registers_0_00000001_0_0_0_0_00000000_00000028_0_00000000_00000004_0_2_0_0
x_sub_system/x_core/cs_registers_i/mcycle_counter_i
                                    1662.2400      1.0    986.4000    675.8400      0.0000  soc_ahblite_ibex_counter_CounterWidth64_0
x_sub_system/x_core/cs_registers_i/minstret_counter_i
                                    1706.4000      1.0   1030.5600    675.8400      0.0000  soc_ahblite_ibex_counter_CounterWidth64_1
x_sub_system/x_core/cs_registers_i/u_dcsr_csr
                                     149.7600      0.1     43.2000    106.5600      0.0000  soc_ahblite_ibex_csr_32_0_40000003_0
x_sub_system/x_core/cs_registers_i/u_depc_csr
                                     466.0800      0.3    138.7200    327.3600      0.0000  soc_ahblite_ibex_csr_32_0_0_2
x_sub_system/x_core/cs_registers_i/u_dscratch0_csr
                                     480.9600      0.3    143.0400    337.9200      0.0000  soc_ahblite_ibex_csr_32_0_0_5
x_sub_system/x_core/cs_registers_i/u_dscratch1_csr
                                     480.9600      0.3    143.0400    337.9200      0.0000  soc_ahblite_ibex_csr_32_0_0_1
x_sub_system/x_core/cs_registers_i/u_mcause_csr
                                      86.4000      0.1      0.0000     86.4000      0.0000  soc_ahblite_ibex_csr_6_0_0_0
x_sub_system/x_core/cs_registers_i/u_mepc_csr
                                     451.2000      0.3      4.8000    446.4000      0.0000  soc_ahblite_ibex_csr_32_0_0_0
x_sub_system/x_core/cs_registers_i/u_mie_csr
                                     263.0400      0.2      3.8400    259.2000      0.0000  soc_ahblite_ibex_csr_18_0_0_0
x_sub_system/x_core/cs_registers_i/u_mscratch_csr
                                     465.6000      0.3      4.8000    460.8000      0.0000  soc_ahblite_ibex_csr_32_0_0_3
x_sub_system/x_core/cs_registers_i/u_mstatus_csr
                                      89.2800      0.1     17.7600     71.5200      0.0000  soc_ahblite_ibex_csr_6_0_10_0
x_sub_system/x_core/cs_registers_i/u_mtval_csr
                                     465.6000      0.3      4.8000    460.8000      0.0000  soc_ahblite_ibex_csr_32_0_0_4
x_sub_system/x_core/cs_registers_i/u_mtvec_csr
                                     349.4400      0.2      3.8400    345.6000      0.0000  soc_ahblite_ibex_csr_32_0_00000001_0
x_sub_system/x_core/ex_block_i     12991.6801      7.7    672.4800     10.5600      0.0000  soc_ahblite_ibex_ex_block_2_0_0_0
x_sub_system/x_core/ex_block_i/alu_i
                                    3412.8000      2.0   3412.8000      0.0000      0.0000  soc_ahblite_ibex_alu_RV32B0_0
x_sub_system/x_core/ex_block_i/gen_multdiv_fast_multdiv_i
                                    8895.8400      5.3   7814.8801   1080.9600      0.0000  soc_ahblite_ibex_multdiv_fast_RV32M2_0
x_sub_system/x_core/gen_regfile_ff_register_file_i
                                   21351.3605     12.6  10875.8401  10475.5204      0.0000  soc_ahblite_ibex_register_file_ff_0_00000020_0_0
x_sub_system/x_core/id_stage_i      3582.7200      2.1   1306.0800    877.9200      0.0000  soc_ahblite_ibex_id_stage_0_2_0_0_0_0_0_0_0
x_sub_system/x_core/id_stage_i/controller_i
                                     540.4800      0.3    456.0000     84.4800      0.0000  soc_ahblite_ibex_controller_0_0_0
x_sub_system/x_core/id_stage_i/decoder_i
                                     858.2400      0.5    858.2400      0.0000      0.0000  soc_ahblite_ibex_decoder_0_2_0_0_0
x_sub_system/x_core/if_stage_i      5670.2400      3.4    506.8800   1254.7200      0.0000  soc_ahblite_ibex_if_stage_00000000_00000000_0_0_0_0_0_0
x_sub_system/x_core/if_stage_i/compressed_decoder_i
                                     524.6400      0.3    524.6400      0.0000      0.0000  soc_ahblite_ibex_compressed_decoder_0
x_sub_system/x_core/if_stage_i/gen_prefetch_buffer_prefetch_buffer_i
                                    3384.0000      2.0    279.8400    133.4400      0.0000  soc_ahblite_ibex_prefetch_buffer_0_0
x_sub_system/x_core/if_stage_i/gen_prefetch_buffer_prefetch_buffer_i/fifo_i
                                    2970.7200      1.8   1656.4800   1314.2400      0.0000  soc_ahblite_ibex_fetch_fifo_00000002_0
x_sub_system/x_core/load_store_unit_i
                                    1883.0400      1.1   1040.1600    842.8800      0.0000  soc_ahblite_ibex_load_store_unit_0
x_sub_system/x_core/wb_stage_i       195.8400      0.1    195.8400      0.0000      0.0000  soc_ahblite_ibex_wb_stage_0_0
--------------------------------  -----------  -------  ----------  ----------  ----------  ---------------------------------------------------------------------------------------------------------------------------------------------------------------------------------------------------------------------------------------------------------------------------------------------------------------------------------------------------------------------------------------------------------------------------------------------------------------------------------------------------------------------------------------------------------------------------------------------------------------------
Total                                                   53646.7203  36471.3604  78944.9375

1
