 
****************************************
Report : qor
Design : soc_ahblite
Version: O-2018.06-SP1
Date   : Fri Aug 28 16:11:45 2026
****************************************


  Timing Path Group 'clk1'
  -----------------------------------
  Levels of Logic:              51.00
  Critical Path Length:          2.46
  Critical Path Slack:           0.00
  Critical Path Clk Period:      3.00
  Total Negative Slack:          0.00
  No. of Violating Paths:        0.00
  Worst Hold Violation:          0.00
  Total Hold Violation:          0.00
  No. of Hold Violations:        0.00
  -----------------------------------


  Cell Count
  -----------------------------------
  Hierarchical Cell Count:         53
  Hierarchical Port Count:      12285
  Leaf Cell Count:              18485
  Buf/Inv Cell Count:            3119
  Buf Cell Count:                 576
  Inv Cell Count:                2543
  CT Buf/Inv Cell Count:            0
  Combinational Cell Count:     15200
  Sequential Cell Count:         3283
  Macro Count:                      2
  -----------------------------------


  Area
  -----------------------------------
  Combinational Area:    52144.800184
  Noncombinational Area: 36601.920311
  Buf/Inv Area:           5290.080126
  Total Buffer Area:          1412.64
  Total Inverter Area:        3877.44
  Macro/Black Box Area:  78944.937500
  Net Area:                  0.000000
  -----------------------------------
  Cell Area:            167691.657995
  Design Area:          167691.657995


  Design Rules
  -----------------------------------
  Total Number of Nets:         19120
  Nets With Violations:             0
  Max Trans Violations:             0
  Max Cap Violations:               0
  -----------------------------------


  Hostname: icpc

  Compile CPU Statistics
  -----------------------------------------
  Resource Sharing:                    0.01
  Logic Optimization:                  0.69
  Mapping Optimization:               62.36
  -----------------------------------------
  Overall Compile Time:               67.84
  Overall Compile Wall Clock Time:    39.29

  --------------------------------------------------------------------

  Design  WNS: 0.00  TNS: 0.00  Number of Violating Paths: 0


  Design (Hold)  WNS: 0.00  TNS: 0.00  Number of Violating Paths: 0

  --------------------------------------------------------------------


1

Detailed reports:
  soc_ahblite.check_design.rpt
  soc_ahblite.check_timing.rpt
  soc_ahblite.area.rpt
  soc_ahblite.timing_setup.rpt
  soc_ahblite.timing_hold.rpt
  soc_ahblite.constraints.rpt
  soc_ahblite.clocks.rpt
  soc_ahblite.design.rpt
  soc_ahblite.objects.rpt
