 
****************************************
Report : qor
Design : soc_ahblite
Version: O-2018.06-SP1
Date   : Fri Aug 28 15:44:12 2026
****************************************


  Timing Path Group 'clk1'
  -----------------------------------
  Levels of Logic:              87.00
  Critical Path Length:          7.78
  Critical Path Slack:           2.01
  Critical Path Clk Period:     10.00
  Total Negative Slack:          0.00
  No. of Violating Paths:        0.00
  Worst Hold Violation:          0.00
  Total Hold Violation:          0.00
  No. of Hold Violations:        0.00
  -----------------------------------


  Cell Count
  -----------------------------------
  Hierarchical Cell Count:         53
  Hierarchical Port Count:      12285
  Leaf Cell Count:              17457
  Buf/Inv Cell Count:            3026
  Buf Cell Count:                 613
  Inv Cell Count:                2413
  CT Buf/Inv Cell Count:            0
  Combinational Cell Count:     14172
  Sequential Cell Count:         3283
  Macro Count:                      2
  -----------------------------------


  Area
  -----------------------------------
  Combinational Area:    45690.719693
  Noncombinational Area: 36029.760396
  Buf/Inv Area:           4656.480112
  Total Buffer Area:          1181.28
  Total Inverter Area:        3475.20
  Macro/Black Box Area:  78944.937500
  Net Area:                  0.000000
  -----------------------------------
  Cell Area:            160665.417589
  Design Area:          160665.417589


  Design Rules
  -----------------------------------
  Total Number of Nets:         17951
  Nets With Violations:             0
  Max Trans Violations:             0
  Max Cap Violations:               0
  -----------------------------------


  Hostname: icpc

  Compile CPU Statistics
  -----------------------------------------
  Resource Sharing:                    0.01
  Logic Optimization:                  0.63
  Mapping Optimization:               17.52
  -----------------------------------------
  Overall Compile Time:               23.68
  Overall Compile Wall Clock Time:    20.61

  --------------------------------------------------------------------

  Design  WNS: 0.00  TNS: 0.00  Number of Violating Paths: 0


  Design (Hold)  WNS: 0.00  TNS: 0.00  Number of Violating Paths: 0

  --------------------------------------------------------------------


1

Detailed reports:
  soc_ahblite.check_design.rpt
  soc_ahblite.check_timing.rpt
  soc_ahblite.area.rpt
  soc_ahblite.timing_setup.rpt
  soc_ahblite.timing_hold.rpt
  soc_ahblite.constraints.rpt
  soc_ahblite.clocks.rpt
  soc_ahblite.design.rpt
  soc_ahblite.objects.rpt
