 
****************************************
Report : qor
Design : soc_ahblite
Version: O-2018.06-SP1
Date   : Sat Aug 29 12:39:59 2026
****************************************


  Timing Path Group 'clk1'
  -----------------------------------
  Levels of Logic:              47.00
  Critical Path Length:          2.34
  Critical Path Slack:           0.00
  Critical Path Clk Period:      3.00
  Total Negative Slack:          0.00
  No. of Violating Paths:        0.00
  Worst Hold Violation:         -0.11
  Total Hold Violation:         -3.82
  No. of Hold Violations:       92.00
  -----------------------------------


  Cell Count
  -----------------------------------
  Hierarchical Cell Count:         53
  Hierarchical Port Count:      12285
  Leaf Cell Count:              18559
  Buf/Inv Cell Count:            3090
  Buf Cell Count:                 431
  Inv Cell Count:                2659
  CT Buf/Inv Cell Count:            0
  Combinational Cell Count:     15274
  Sequential Cell Count:         3283
  Macro Count:                      2
  -----------------------------------


  Area
  -----------------------------------
  Combinational Area:    51983.040146
  Noncombinational Area: 35267.520359
  Buf/Inv Area:           4947.360141
  Total Buffer Area:          1017.12
  Total Inverter Area:        3930.24
  Macro/Black Box Area:  78944.937500
  Net Area:                  0.000000
  -----------------------------------
  Cell Area:            166195.498005
  Design Area:          166195.498005


  Design Rules
  -----------------------------------
  Total Number of Nets:         20889
  Nets With Violations:             0
  Max Trans Violations:             0
  Max Cap Violations:               0
  -----------------------------------


  Hostname: icpc

  Compile CPU Statistics
  -----------------------------------------
  Resource Sharing:                    3.55
  Logic Optimization:                 35.61
  Mapping Optimization:               72.35
  -----------------------------------------
  Overall Compile Time:              169.25
  Overall Compile Wall Clock Time:    82.62

  --------------------------------------------------------------------

  Design  WNS: 0.00  TNS: 0.00  Number of Violating Paths: 0


  Design (Hold)  WNS: 0.11  TNS: 3.82  Number of Violating Paths: 92

  --------------------------------------------------------------------


1
