 
****************************************
Report : qor
Design : soc_ahblite
Version: O-2018.06-SP1
Date   : Sat Aug 29 12:40:51 2026
****************************************


  Timing Path Group 'clk1'
  -----------------------------------
  Levels of Logic:              52.00
  Critical Path Length:          2.38
  Critical Path Slack:          -0.03
  Critical Path Clk Period:      3.00
  Total Negative Slack:         -5.18
  No. of Violating Paths:      464.00
  Worst Hold Violation:         -0.01
  Total Hold Violation:         -0.05
  No. of Hold Violations:       10.00
  -----------------------------------


  Cell Count
  -----------------------------------
  Hierarchical Cell Count:         53
  Hierarchical Port Count:      12285
  Leaf Cell Count:              18202
  Buf/Inv Cell Count:            3135
  Buf Cell Count:                 538
  Inv Cell Count:                2597
  CT Buf/Inv Cell Count:            0
  Combinational Cell Count:     14917
  Sequential Cell Count:         3283
  Macro Count:                      2
  -----------------------------------


  Area
  -----------------------------------
  Combinational Area:    82043.521632
  Noncombinational Area: 37778.880528
  Buf/Inv Area:           7687.679973
  Total Buffer Area:          2499.84
  Total Inverter Area:        5187.84
  Macro/Black Box Area:  78944.937500
  Net Area:                  0.000000
  -----------------------------------
  Cell Area:            198767.339660
  Design Area:          198767.339660


  Design Rules
  -----------------------------------
  Total Number of Nets:         19114
  Nets With Violations:            31
  Max Trans Violations:            27
  Max Cap Violations:              24
  Max Fanout Violations:            6
  -----------------------------------


  Hostname: icpc

  Compile CPU Statistics
  -----------------------------------------
  Resource Sharing:                    0.02
  Logic Optimization:                  4.19
  Mapping Optimization:               93.79
  -----------------------------------------
  Overall Compile Time:              111.24
  Overall Compile Wall Clock Time:    51.42

  --------------------------------------------------------------------

  Design  WNS: 0.03  TNS: 5.18  Number of Violating Paths: 464


  Design (Hold)  WNS: 0.01  TNS: 0.05  Number of Violating Paths: 10

  --------------------------------------------------------------------


1
